Component: ARM Compiler 5.05 update 1 (build 106) Tool: armlink [4d0efa]

==============================================================================

Section Cross References

    main.o(.text) refers to _printf_percent.o(.ARM.Collect$$_printf_percent$$00000000) for _printf_percent
    main.o(.text) refers to _printf_s.o(.ARM.Collect$$_printf_percent$$00000014) for _printf_s
    main.o(.text) refers to _printf_str.o(.text) for _printf_str
    main.o(.text) refers to _printf_f.o(.ARM.Collect$$_printf_percent$$00000003) for _printf_f
    main.o(.text) refers to printf1.o(x$fpl$printf1) for _printf_fp_dec
    main.o(.text) refers to _printf_d.o(.ARM.Collect$$_printf_percent$$00000009) for _printf_d
    main.o(.text) refers to _printf_dec.o(.text) for _printf_int_dec
    main.o(.text) refers to _printf_x.o(.ARM.Collect$$_printf_percent$$0000000C) for _printf_x
    main.o(.text) refers to _printf_hex_int_ll_ptr.o(.text) for _printf_longlong_hex
    main.o(.text) refers to delay.o(.text) for delay_init
    main.o(.text) refers to misc.o(.text) for NVIC_PriorityGroupConfig
    main.o(.text) refers to usart.o(.text) for uart_init
    main.o(.text) refers to lcd.o(.text) for LCD_Init
    main.o(.text) refers to led.o(.text) for LED_Init
    main.o(.text) refers to key.o(.text) for KEY_Init
    main.o(.text) refers to usart2.o(.text) for USART2_Init
    main.o(.text) refers to sim900a.o(.text) for sim900a_send_cmd
    main.o(.text) refers to sim900a_land.o(.text) for Landing_Init
    main.o(.text) refers to __2printf.o(.text) for __2printf
    main.o(.text) refers to adc_rand.o(.text) for temp_random
    main.o(.text) refers to ddiv.o(x$fpl$ddiv) for __aeabi_ddiv
    main.o(.text) refers to d2f.o(x$fpl$d2f) for __aeabi_d2f
    main.o(.text) refers to f2d.o(x$fpl$f2d) for __aeabi_f2d
    main.o(.text) refers to __2sprintf.o(.text) for __2sprintf
    main.o(.text) refers to http.o(.text) for HTTP_PostPkt
    main.o(.text) refers to strlen.o(.text) for strlen
    main.o(.text) refers to usart2.o(.data) for USART2_RX_STA
    main.o(.text) refers to usart2.o(.bss) for USART2_RX_BUF
    system_stm32f10x.o(.text) refers to system_stm32f10x.o(.data) for SystemCoreClock
    led.o(.text) refers to stm32f10x_rcc.o(.text) for RCC_APB2PeriphClockCmd
    led.o(.text) refers to stm32f10x_gpio.o(.text) for GPIO_Init
    key.o(.text) refers to stm32f10x_rcc.o(.text) for RCC_APB2PeriphClockCmd
    key.o(.text) refers to stm32f10x_gpio.o(.text) for GPIO_PinRemapConfig
    key.o(.text) refers to delay.o(.text) for delay_ms
    key.o(.text) refers to key.o(.data) for key_up
    lcd.o(.text) refers to _printf_percent.o(.ARM.Collect$$_printf_percent$$00000000) for _printf_percent
    lcd.o(.text) refers to _printf_x.o(.ARM.Collect$$_printf_percent$$0000000C) for _printf_x
    lcd.o(.text) refers to _printf_hex_int_ll_ptr.o(.text) for _printf_longlong_hex
    lcd.o(.text) refers to delay.o(.text) for delay_us
    lcd.o(.text) refers to lcd.o(.bss) for lcddev
    lcd.o(.text) refers to dflt_clz.o(x$fpl$dfltu) for __aeabi_ui2d
    lcd.o(.text) refers to dmul.o(x$fpl$dmul) for __aeabi_dmul
    lcd.o(.text) refers to dfixu.o(x$fpl$dfixu) for __aeabi_d2uiz
    lcd.o(.text) refers to lcd.o(.data) for POINT_COLOR
    lcd.o(.text) refers to stm32f10x_rcc.o(.text) for RCC_APB2PeriphClockCmd
    lcd.o(.text) refers to stm32f10x_gpio.o(.text) for GPIO_PinRemapConfig
    lcd.o(.text) refers to __2printf.o(.text) for __2printf
    lcd.o(.text) refers to lcd.o(.constdata) for asc2_1206
    spi.o(.text) refers to stm32f10x_spi.o(.text) for SPI_I2S_GetFlagStatus
    spi.o(.text) refers to stm32f10x_rcc.o(.text) for RCC_APB2PeriphClockCmd
    spi.o(.text) refers to stm32f10x_gpio.o(.text) for GPIO_Init
    spi.o(.text) refers to spi.o(.bss) for SPI_InitStructure
    flash.o(.text) refers to spi.o(.text) for SPI1_ReadWriteByte
    flash.o(.text) refers to stm32f10x_rcc.o(.text) for RCC_APB2PeriphClockCmd
    flash.o(.text) refers to stm32f10x_gpio.o(.text) for GPIO_Init
    flash.o(.text) refers to malloc.o(.text) for mymalloc
    flash.o(.text) refers to delay.o(.text) for delay_us
    flash.o(.text) refers to flash.o(.data) for SPI_FLASH_TYPE
    mmc_sd.o(.text) refers to spi.o(.text) for SPI1_ReadWriteByte
    mmc_sd.o(.text) refers to stm32f10x_rcc.o(.text) for RCC_APB2PeriphClockCmd
    mmc_sd.o(.text) refers to stm32f10x_gpio.o(.text) for GPIO_Init
    mmc_sd.o(.text) refers to mmc_sd.o(.data) for SD_Type
    myiic.o(.text) refers to stm32f10x_rcc.o(.text) for RCC_APB2PeriphClockCmd
    myiic.o(.text) refers to stm32f10x_gpio.o(.text) for GPIO_Init
    myiic.o(.text) refers to delay.o(.text) for delay_us
    24cxx.o(.text) refers to myiic.o(.text) for IIC_Init
    24cxx.o(.text) refers to delay.o(.text) for delay_ms
    touch.o(.text) refers to delay.o(.text) for delay_us
    touch.o(.text) refers to lcd.o(.text) for LCD_DrawLine
    touch.o(.text) refers to fflt_clz.o(x$fpl$fflt) for __aeabi_i2f
[...]
    IIC_Wait_Ack                             0x080067af   Thumb Code    86  myiic.o(.text)
    IIC_Ack                                  0x08006805   Thumb Code    66  myiic.o(.text)
    IIC_NAck                                 0x08006847   Thumb Code    66  myiic.o(.text)
    IIC_Send_Byte                            0x08006889   Thumb Code    90  myiic.o(.text)
    IIC_Read_Byte                            0x080068e3   Thumb Code    98  myiic.o(.text)
    AT24CXX_Init                             0x08006951   Thumb Code     8  24cxx.o(.text)
    AT24CXX_ReadOneByte                      0x08006959   Thumb Code    88  24cxx.o(.text)
    AT24CXX_WriteOneByte                     0x080069b1   Thumb Code    80  24cxx.o(.text)
    AT24CXX_WriteLenByte                     0x08006a01   Thumb Code    42  24cxx.o(.text)
    AT24CXX_ReadLenByte                      0x08006a2b   Thumb Code    44  24cxx.o(.text)
    AT24CXX_Check                            0x08006a57   Thumb Code    46  24cxx.o(.text)
    AT24CXX_Read                             0x08006a85   Thumb Code    34  24cxx.o(.text)
    AT24CXX_Write                            0x08006aa7   Thumb Code    36  24cxx.o(.text)
    TP_Write_Byte                            0x08006acd   Thumb Code    56  touch.o(.text)
    TP_Read_AD                               0x08006b05   Thumb Code   132  touch.o(.text)
    TP_Read_XOY                              0x08006b89   Thumb Code   120  touch.o(.text)
    TP_Read_XY                               0x08006c01   Thumb Code    38  touch.o(.text)
    TP_Read_XY2                              0x08006c27   Thumb Code   192  touch.o(.text)
    TP_Drow_Touch_Point                      0x08006ce7   Thumb Code   108  touch.o(.text)
    TP_Draw_Big_Point                        0x08006d53   Thumb Code    54  touch.o(.text)
    TP_Scan                                  0x08006d89   Thumb Code   264  touch.o(.text)
    TP_Save_Adjdata                          0x08006e91   Thumb Code   146  touch.o(.text)
    TP_Get_Adjdata                           0x08006f23   Thumb Code   152  touch.o(.text)
    TP_Adj_Info_Show                         0x08006fbb   Thumb Code   376  touch.o(.text)
    TP_Adjust                                0x08007133   Thumb Code  1250  touch.o(.text)
    TP_Init                                  0x08007615   Thumb Code   348  touch.o(.text)
    CT_Delay                                 0x08007771   Thumb Code    10  ctiic.o(.text)
    CT_IIC_Init                              0x0800777b   Thumb Code    62  ctiic.o(.text)
    CT_IIC_Start                             0x080077b9   Thumb Code    60  ctiic.o(.text)
    CT_IIC_Stop                              0x080077f5   Thumb Code    64  ctiic.o(.text)
    CT_IIC_Wait_Ack                          0x08007835   Thumb Code    86  ctiic.o(.text)
    CT_IIC_Ack                               0x0800788b   Thumb Code    66  ctiic.o(.text)
    CT_IIC_NAck                              0x080078cd   Thumb Code    66  ctiic.o(.text)
    CT_IIC_Send_Byte                         0x0800790f   Thumb Code    82  ctiic.o(.text)
    CT_IIC_Read_Byte                         0x08007961   Thumb Code    94  ctiic.o(.text)
    OTT2001A_WR_Reg                          0x080079d1   Thumb Code    92  ott2001a.o(.text)
    OTT2001A_RD_Reg                          0x08007a2d   Thumb Code    98  ott2001a.o(.text)
    OTT2001A_SensorControl                   0x08007a8f   Thumb Code    28  ott2001a.o(.text)
    OTT2001A_Init                            0x08007aab   Thumb Code   156  ott2001a.o(.text)
    OTT2001A_Scan                            0x08007b47   Thumb Code   446  ott2001a.o(.text)
    TIM4_Set                                 0x08007d3d   Thumb Code    34  usart2.o(.text)
    USART2_IRQHandler                        0x08007d5f   Thumb Code    84  usart2.o(.text)
    TIM4_Init                                0x08007db3   Thumb Code    82  usart2.o(.text)
    UART_DMA_Config                          0x08007e05   Thumb Code    72  usart2.o(.text)
    USART2_Init                              0x08007e4d   Thumb Code   204  usart2.o(.text)
    uart2_send                               0x08007f19   Thumb Code    38  usart2.o(.text)
    u2_printf                                0x08007f3f   Thumb Code    44  usart2.o(.text)
    TIM4_IRQHandler                          0x08007f6b   Thumb Code    40  usart2.o(.text)
    UART_DMA_Enable                          0x08007f93   Thumb Code    32  usart2.o(.text)
    FT5206_WR_Reg                            0x08007fd1   Thumb Code    82  ft5206.o(.text)
    FT5206_RD_Reg                            0x08008023   Thumb Code    88  ft5206.o(.text)
    FT5206_Init                              0x0800807b   Thumb Code   214  ft5206.o(.text)
    FT5206_Scan                              0x08008151   Thumb Code   400  ft5206.o(.text)
    GT9147_WR_Reg                            0x08008305   Thumb Code    92  gt9147.o(.text)
    GT9147_Send_Cfg                          0x08008361   Thumb Code    86  gt9147.o(.text)
    GT9147_RD_Reg                            0x080083b7   Thumb Code    98  gt9147.o(.text)
    GT9147_Init                              0x08008419   Thumb Code   242  gt9147.o(.text)
    GT9147_Scan                              0x0800850b   Thumb Code   408  gt9147.o(.text)
    delay_init                               0x080086e9   Thumb Code    50  delay.o(.text)
    delay_us                                 0x0800871b   Thumb Code    72  delay.o(.text)
    delay_ms                                 0x08008763   Thumb Code    72  delay.o(.text)
    _sys_exit                                0x080087bd   Thumb Code     6  usart.o(.text)
    fputc                                    0x080087c3   Thumb Code    24  usart.o(.text)
    uart_init                                0x080087db   Thumb Code   152  usart.o(.text)
    USART1_IRQHandler                        0x08008873   Thumb Code   122  usart.o(.text)
    Reset_Handler                            0x080088fd   Thumb Code     8  startup_stm32f10x_hd.o(.text)
    ADC1_2_IRQHandler                        0x08008917   Thumb Code     0  startup_stm32f10x_hd.o(.text)
    ADC3_IRQHandler                          0x08008917   Thumb Code     0  startup_stm32f10x_hd.o(.text)
    CAN1_RX1_IRQHandler                      0x08008917   Thumb Code     0  startup_stm32f10x_hd.o(.text)
    CAN1_SCE_IRQHandler                      0x08008917   Thumb Code     0  startup_stm32f10x_hd.o(.text)
    DMA1_Channel1_IRQHandler                 0x08008917   Thumb Code     0  startup_stm32f10x_hd.o(.text)
    DMA1_Channel2_IRQHandler                 0x08008917   Thumb Code     0  startup_stm32f10x_hd.o(.text)
    DMA1_Channel3_IRQHandler                 0x08008917   Thumb Code     0  startup_stm32f10x_hd.o(.text)
    DMA1_Channel4_IRQHandler                 0x08008917   Thumb Code     0  startup_stm32f10x_hd.o(.text)
    DMA1_Channel5_IRQHandler                 0x08008917   Thumb Code     0  startup_stm32f10x_hd.o(.text)
    DMA1_Channel6_IRQHandler                 0x08008917   Thumb Code     0  startup_stm32f10x_hd.o(.text)
    DMA1_Channel7_IRQHandler                 0x08008917   Thumb Code     0  startup_stm32f10x_hd.o(.text)
    DMA2_Channel1_IRQHandler                 0x08008917   Thumb Code     0  startup_stm32f10x_hd.o(.text)
    DMA2_Channel2_IRQHandler                 0x08008917   Thumb Code     0  startup_stm32f10x_hd.o(.text)
    DMA2_Channel3_IRQHandler                 0x08008917   Thumb Code     0  startup_stm32f10x_hd.o(.text)
    DMA2_Channel4_5_IRQHandler               0x08008917   Thumb Code     0  startup_stm32f10x_hd.o(.text)
    EXTI0_IRQHandler                         0x08008917   Thumb Code     0  startup_stm32f10x_hd.o(.text)
    EXTI15_10_IRQHandler                     0x08008917   Thumb Code     0  startup_stm32f10x_hd.o(.text)
    EXTI1_IRQHandler                         0x08008917   Thumb Code     0  startup_stm32f10x_hd.o(.text)
    EXTI2_IRQHandler                         0x08008917   Thumb Code     0  startup_stm32f10x_hd.o(.text)
    EXTI3_IRQHandler                         0x08008917   Thumb Code     0  startup_stm32f10x_hd.o(.text)
    EXTI4_IRQHandler                         0x08008917   Thumb Code     0  startup_stm32f10x_hd.o(.text)
    EXTI9_5_IRQHandler                       0x08008917   Thumb Code     0  startup_stm32f10x_hd.o(.text)
    FLASH_IRQHandler                         0x08008917   Thumb Code     0  startup_stm32f10x_hd.o(.text)
    FSMC_IRQHandler                          0x08008917   Thumb Code     0  startup_stm32f10x_hd.o(.text)
    I2C1_ER_IRQHandler                       0x08008917   Thumb Code     0  startup_stm32f10x_hd.o(.text)
    I2C1_EV_IRQHandler                       0x08008917   Thumb Code     0  startup_stm32f10x_hd.o(.text)
    I2C2_ER_IRQHandler                       0x08008917   Thumb Code     0  startup_stm32f10x_hd.o(.text)
    I2C2_EV_IRQHandler                       0x08008917   Thumb Code     0  startup_stm32f10x_hd.o(.text)
    PVD_IRQHandler                           0x08008917   Thumb Code     0  startup_stm32f10x_hd.o(.text)
    RCC_IRQHandler                           0x08008917   Thumb Code     0  startup_stm32f10x_hd.o(.text)
    RTCAlarm_IRQHandler                      0x08008917   Thumb Code     0  startup_stm32f10x_hd.o(.text)
    RTC_IRQHandler                           0x08008917   Thumb Code     0  startup_stm32f10x_hd.o(.text)
    SDIO_IRQHandler                          0x08008917   Thumb Code     0  startup_stm32f10x_hd.o(.text)
    SPI1_IRQHandler                          0x08008917   Thumb Code     0  startup_stm32f10x_hd.o(.text)
    SPI2_IRQHandler                          0x08008917   Thumb Code     0  startup_stm32f10x_hd.o(.text)
    SPI3_IRQHandler                          0x08008917   Thumb Code     0  startup_stm32f10x_hd.o(.text)
    TAMPER_IRQHandler                        0x08008917   Thumb Code     0  startup_stm32f10x_hd.o(.text)
    TIM1_BRK_IRQHandler                      0x08008917   Thumb Code     0  startup_stm32f10x_hd.o(.text)
    TIM1_CC_IRQHandler                       0x08008917   Thumb Code     0  startup_stm32f10x_hd.o(.text)
    TIM1_TRG_COM_IRQHandler                  0x08008917   Thumb Code     0  startup_stm32f10x_hd.o(.text)
    TIM1_UP_IRQHandler                       0x08008917   Thumb Code     0  startup_stm32f10x_hd.o(.text)
    TIM2_IRQHandler                          0x08008917   Thumb Code     0  startup_stm32f10x_hd.o(.text)
    TIM3_IRQHandler                          0x08008917   Thumb Code     0  startup_stm32f10x_hd.o(.text)
    TIM5_IRQHandler                          0x08008917   Thumb Code     0  startup_stm32f10x_hd.o(.text)
    TIM6_IRQHandler                          0x08008917   Thumb Code     0  startup_stm32f10x_hd.o(.text)
    TIM7_IRQHandler                          0x08008917   Thumb Code     0  startup_stm32f10x_hd.o(.text)
    TIM8_BRK_IRQHandler                      0x08008917   Thumb Code     0  startup_stm32f10x_hd.o(.text)
    TIM8_CC_IRQHandler                       0x08008917   Thumb Code     0  startup_stm32f10x_hd.o(.text)
    TIM8_TRG_COM_IRQHandler                  0x08008917   Thumb Code     0  startup_stm32f10x_hd.o(.text)
    TIM8_UP_IRQHandler                       0x08008917   Thumb Code     0  startup_stm32f10x_hd.o(.text)
    UART4_IRQHandler                         0x08008917   Thumb Code     0  startup_stm32f10x_hd.o(.text)
    UART5_IRQHandler                         0x08008917   Thumb Code     0  startup_stm32f10x_hd.o(.text)
    USART3_IRQHandler                        0x08008917   Thumb Code     0  startup_stm32f10x_hd.o(.text)
    USBWakeUp_IRQHandler                     0x08008917   Thumb Code     0  startup_stm32f10x_hd.o(.text)
    USB_HP_CAN1_TX_IRQHandler                0x08008917   Thumb Code     0  startup_stm32f10x_hd.o(.text)
    USB_LP_CAN1_RX0_IRQHandler               0x08008917   Thumb Code     0  startup_stm32f10x_hd.o(.text)
    WWDG_IRQHandler                          0x08008917   Thumb Code     0  startup_stm32f10x_hd.o(.text)
    __user_initial_stackheap                 0x08008919   Thumb Code     0  startup_stm32f10x_hd.o(.text)
    GPIO_DeInit                              0x0800893d   Thumb Code   172  stm32f10x_gpio.o(.text)
    GPIO_AFIODeInit                          0x080089e9   Thumb Code    20  stm32f10x_gpio.o(.text)
    GPIO_Init                                0x080089fd   Thumb Code   278  stm32f10x_gpio.o(.text)
    GPIO_StructInit                          0x08008b13   Thumb Code    16  stm32f10x_gpio.o(.text)
    GPIO_ReadInputDataBit                    0x08008b23   Thumb Code    18  stm32f10x_gpio.o(.text)
    GPIO_ReadInputData                       0x08008b35   Thumb Code     8  stm32f10x_gpio.o(.text)
    GPIO_ReadOutputDataBit                   0x08008b3d   Thumb Code    18  stm32f10x_gpio.o(.text)
    GPIO_ReadOutputData                      0x08008b4f   Thumb Code     8  stm32f10x_gpio.o(.text)
    GPIO_SetBits                             0x08008b57   Thumb Code     4  stm32f10x_gpio.o(.text)
    GPIO_ResetBits                           0x08008b5b   Thumb Code     4  stm32f10x_gpio.o(.text)
    GPIO_WriteBit                            0x08008b5f   Thumb Code    10  stm32f10x_gpio.o(.text)
    GPIO_Write                               0x08008b69   Thumb Code     4  stm32f10x_gpio.o(.text)
    GPIO_PinLockConfig                       0x08008b6d   Thumb Code    18  stm32f10x_gpio.o(.text)
    GPIO_EventOutputConfig                   0x08008b7f   Thumb Code    26  stm32f10x_gpio.o(.text)
    GPIO_EventOutputCmd                      0x08008b99   Thumb Code     6  stm32f10x_gpio.o(.text)
    GPIO_PinRemapConfig                      0x08008b9f   Thumb Code   138  stm32f10x_gpio.o(.text)
    GPIO_EXTILineConfig                      0x08008c29   Thumb Code    66  stm32f10x_gpio.o(.text)
    GPIO_ETH_MediaInterfaceConfig            0x08008c6b   Thumb Code     8  stm32f10x_gpio.o(.text)
    RCC_DeInit                               0x08008c99   Thumb Code    64  stm32f10x_rcc.o(.text)
    RCC_HSEConfig                            0x08008cd9   Thumb Code    70  stm32f10x_rcc.o(.text)
    RCC_GetFlagStatus                        0x08008d1f   Thumb Code    56  stm32f10x_rcc.o(.text)
    RCC_WaitForHSEStartUp                    0x08008d57   Thumb Code    56  stm32f10x_rcc.o(.text)
    RCC_AdjustHSICalibrationValue            0x08008d8f   Thumb Code    20  stm32f10x_rcc.o(.text)
    RCC_HSICmd                               0x08008da3   Thumb Code     6  stm32f10x_rcc.o(.text)
    RCC_PLLConfig                            0x08008da9   Thumb Code    24  stm32f10x_rcc.o(.text)
    RCC_PLLCmd                               0x08008dc1   Thumb Code     6  stm32f10x_rcc.o(.text)
    RCC_SYSCLKConfig                         0x08008dc7   Thumb Code    18  stm32f10x_rcc.o(.text)
    RCC_GetSYSCLKSource                      0x08008dd9   Thumb Code    10  stm32f10x_rcc.o(.text)
    RCC_HCLKConfig                           0x08008de3   Thumb Code    18  stm32f10x_rcc.o(.text)
    RCC_PCLK1Config                          0x08008df5   Thumb Code    18  stm32f10x_rcc.o(.text)
    RCC_PCLK2Config                          0x08008e07   Thumb Code    20  stm32f10x_rcc.o(.text)
    RCC_ITConfig                             0x08008e1b   Thumb Code    26  stm32f10x_rcc.o(.text)
    RCC_USBCLKConfig                         0x08008e35   Thumb Code     8  stm32f10x_rcc.o(.text)
    RCC_ADCCLKConfig                         0x08008e3d   Thumb Code    18  stm32f10x_rcc.o(.text)
    RCC_LSEConfig                            0x08008e4f   Thumb Code    50  stm32f10x_rcc.o(.text)
    RCC_LSICmd                               0x08008e81   Thumb Code     6  stm32f10x_rcc.o(.text)
    RCC_RTCCLKConfig                         0x08008e87   Thumb Code    12  stm32f10x_rcc.o(.text)
    RCC_RTCCLKCmd                            0x08008e93   Thumb Code     8  stm32f10x_rcc.o(.text)
    RCC_GetClocksFreq                        0x08008e9b   Thumb Code   192  stm32f10x_rcc.o(.text)
    RCC_AHBPeriphClockCmd                    0x08008f5b   Thumb Code    26  stm32f10x_rcc.o(.text)
    RCC_APB2PeriphClockCmd                   0x08008f75   Thumb Code    26  stm32f10x_rcc.o(.text)
    RCC_APB1PeriphClockCmd                   0x08008f8f   Thumb Code    26  stm32f10x_rcc.o(.text)
    RCC_APB2PeriphResetCmd                   0x08008fa9   Thumb Code    26  stm32f10x_rcc.o(.text)
    RCC_APB1PeriphResetCmd                   0x08008fc3   Thumb Code    26  stm32f10x_rcc.o(.text)
    RCC_BackupResetCmd                       0x08008fdd   Thumb Code     8  stm32f10x_rcc.o(.text)
    RCC_ClockSecuritySystemCmd               0x08008fe5   Thumb Code     6  stm32f10x_rcc.o(.text)
    RCC_MCOConfig                            0x08008feb   Thumb Code     6  stm32f10x_rcc.o(.text)
    RCC_ClearFlag                            0x08008ff1   Thumb Code    14  stm32f10x_rcc.o(.text)
    RCC_GetITStatus                          0x08008fff   Thumb Code    20  stm32f10x_rcc.o(.text)
    RCC_ClearITPendingBit                    0x08009013   Thumb Code     6  stm32f10x_rcc.o(.text)
    USART_DeInit                             0x0800903d   Thumb Code   134  stm32f10x_usart.o(.text)
    USART_Init                               0x080090c3   Thumb Code   210  stm32f10x_usart.o(.text)
    USART_StructInit                         0x08009195   Thumb Code    24  stm32f10x_usart.o(.text)
    USART_ClockInit                          0x080091ad   Thumb Code    34  stm32f10x_usart.o(.text)
    USART_ClockStructInit                    0x080091cf   Thumb Code    12  stm32f10x_usart.o(.text)
    USART_Cmd                                0x080091db   Thumb Code    24  stm32f10x_usart.o(.text)
    USART_ITConfig                           0x080091f3   Thumb Code    74  stm32f10x_usart.o(.text)
    USART_DMACmd                             0x0800923d   Thumb Code    18  stm32f10x_usart.o(.text)
    USART_SetAddress                         0x0800924f   Thumb Code    18  stm32f10x_usart.o(.text)
    USART_WakeUpConfig                       0x08009261   Thumb Code    18  stm32f10x_usart.o(.text)
    USART_ReceiverWakeUpCmd                  0x08009273   Thumb Code    24  stm32f10x_usart.o(.text)
    USART_LINBreakDetectLengthConfig         0x0800928b   Thumb Code    18  stm32f10x_usart.o(.text)
    USART_LINCmd                             0x0800929d   Thumb Code    24  stm32f10x_usart.o(.text)
    USART_SendData                           0x080092b5   Thumb Code     8  stm32f10x_usart.o(.text)
    USART_ReceiveData                        0x080092bd   Thumb Code    10  stm32f10x_usart.o(.text)
    USART_SendBreak                          0x080092c7   Thumb Code    10  stm32f10x_usart.o(.text)
    USART_SetGuardTime                       0x080092d1   Thumb Code    16  stm32f10x_usart.o(.text)
    USART_SetPrescaler                       0x080092e1   Thumb Code    16  stm32f10x_usart.o(.text)
    USART_SmartCardCmd                       0x080092f1   Thumb Code    24  stm32f10x_usart.o(.text)
    USART_SmartCardNACKCmd                   0x08009309   Thumb Code    24  stm32f10x_usart.o(.text)
    USART_HalfDuplexCmd                      0x08009321   Thumb Code    24  stm32f10x_usart.o(.text)
    USART_OverSampling8Cmd                   0x08009339   Thumb Code    22  stm32f10x_usart.o(.text)
    USART_OneBitMethodCmd                    0x0800934f   Thumb Code    24  stm32f10x_usart.o(.text)
    USART_IrDAConfig                         0x08009367   Thumb Code    18  stm32f10x_usart.o(.text)
    USART_IrDACmd                            0x08009379   Thumb Code    24  stm32f10x_usart.o(.text)
    USART_GetFlagStatus                      0x08009391   Thumb Code    26  stm32f10x_usart.o(.text)
    USART_ClearFlag                          0x080093ab   Thumb Code    18  stm32f10x_usart.o(.text)
    USART_GetITStatus                        0x080093bd   Thumb Code    84  stm32f10x_usart.o(.text)
    USART_ClearITPendingBit                  0x08009411   Thumb Code    52  stm32f10x_usart.o(.text)
    NVIC_PriorityGroupConfig                 0x08009445   Thumb Code    10  misc.o(.text)
    NVIC_Init                                0x0800944f   Thumb Code   100  misc.o(.text)
    NVIC_SetVectorTable                      0x080094b3   Thumb Code    14  misc.o(.text)
    NVIC_SystemLPConfig                      0x080094c1   Thumb Code    34  misc.o(.text)
    SysTick_CLKSourceConfig                  0x080094e3   Thumb Code    40  misc.o(.text)
    SPI_I2S_DeInit                           0x08009521   Thumb Code    76  stm32f10x_spi.o(.text)
    SPI_Init                                 0x0800956d   Thumb Code    60  stm32f10x_spi.o(.text)
    I2S_Init                                 0x080095a9   Thumb Code   226  stm32f10x_spi.o(.text)
    SPI_StructInit                           0x0800968b   Thumb Code    24  stm32f10x_spi.o(.text)
    I2S_StructInit                           0x080096a3   Thumb Code    20  stm32f10x_spi.o(.text)
    SPI_Cmd                                  0x080096b7   Thumb Code    24  stm32f10x_spi.o(.text)
    I2S_Cmd                                  0x080096cf   Thumb Code    24  stm32f10x_spi.o(.text)
    SPI_I2S_ITConfig                         0x080096e7   Thumb Code    32  stm32f10x_spi.o(.text)
    SPI_I2S_DMACmd                           0x08009707   Thumb Code    18  stm32f10x_spi.o(.text)
    SPI_I2S_SendData                         0x08009719   Thumb Code     4  stm32f10x_spi.o(.text)
    SPI_I2S_ReceiveData                      0x0800971d   Thumb Code     6  stm32f10x_spi.o(.text)
    SPI_NSSInternalSoftwareConfig            0x08009723   Thumb Code    30  stm32f10x_spi.o(.text)
    SPI_SSOutputCmd                          0x08009741   Thumb Code    24  stm32f10x_spi.o(.text)
    SPI_DataSizeConfig                       0x08009759   Thumb Code    18  stm32f10x_spi.o(.text)
    SPI_TransmitCRC                          0x0800976b   Thumb Code    10  stm32f10x_spi.o(.text)
    SPI_CalculateCRC                         0x08009775   Thumb Code    24  stm32f10x_spi.o(.text)
    SPI_GetCRC                               0x0800978d   Thumb Code    16  stm32f10x_spi.o(.text)
    SPI_GetCRCPolynomial                     0x0800979d   Thumb Code     6  stm32f10x_spi.o(.text)
    SPI_BiDirectionalLineConfig              0x080097a3   Thumb Code    28  stm32f10x_spi.o(.text)
    SPI_I2S_GetFlagStatus                    0x080097bf   Thumb Code    18  stm32f10x_spi.o(.text)
    SPI_I2S_ClearFlag                        0x080097d1   Thumb Code     6  stm32f10x_spi.o(.text)
    SPI_I2S_GetITStatus                      0x080097d7   Thumb Code    52  stm32f10x_spi.o(.text)
    SPI_I2S_ClearITPendingBit                0x0800980b   Thumb Code    20  stm32f10x_spi.o(.text)
    TIM_DeInit                               0x0800982d   Thumb Code   424  stm32f10x_tim.o(.text)
    TIM_TimeBaseInit                         0x080099d5   Thumb Code   122  stm32f10x_tim.o(.text)
    TIM_OC1Init                              0x08009a4f   Thumb Code   132  stm32f10x_tim.o(.text)
    TIM_OC2Init                              0x08009ad3   Thumb Code   154  stm32f10x_tim.o(.text)
    TIM_OC3Init                              0x08009b6d   Thumb Code   150  stm32f10x_tim.o(.text)
    TIM_OC4Init                              0x08009c03   Thumb Code   182  stm32f10x_tim.o(.text)
    TIM_SetIC4Prescaler                      0x08009cb9   Thumb Code    26  stm32f10x_tim.o(.text)
    TIM_SetIC3Prescaler                      0x08009d55   Thumb Code    18  stm32f10x_tim.o(.text)
    TIM_SetIC2Prescaler                      0x08009de1   Thumb Code    26  stm32f10x_tim.o(.text)
    TIM_SetIC1Prescaler                      0x08009e7d   Thumb Code    18  stm32f10x_tim.o(.text)
    TIM_ICInit                               0x08009efb   Thumb Code   150  stm32f10x_tim.o(.text)
    TIM_PWMIConfig                           0x08009f91   Thumb Code   124  stm32f10x_tim.o(.text)
    TIM_BDTRConfig                           0x0800a00d   Thumb Code    32  stm32f10x_tim.o(.text)
    TIM_TimeBaseStructInit                   0x0800a02d   Thumb Code    18  stm32f10x_tim.o(.text)
    TIM_OCStructInit                         0x0800a03f   Thumb Code    20  stm32f10x_tim.o(.text)
    TIM_ICStructInit                         0x0800a053   Thumb Code    18  stm32f10x_tim.o(.text)
    TIM_BDTRStructInit                       0x0800a065   Thumb Code    40  stm32f10x_tim.o(.text)
    TIM_Cmd                                  0x0800a08d   Thumb Code    24  stm32f10x_tim.o(.text)
    TIM_CtrlPWMOutputs                       0x0800a0a5   Thumb Code    30  stm32f10x_tim.o(.text)
    TIM_ITConfig                             0x0800a0c3   Thumb Code    18  stm32f10x_tim.o(.text)
    TIM_GenerateEvent                        0x0800a0d5   Thumb Code     4  stm32f10x_tim.o(.text)
    TIM_DMAConfig                            0x0800a0d9   Thumb Code    10  stm32f10x_tim.o(.text)
    TIM_DMACmd                               0x0800a0e3   Thumb Code    18  stm32f10x_tim.o(.text)
    TIM_InternalClockConfig                  0x0800a0f5   Thumb Code    12  stm32f10x_tim.o(.text)
    TIM_SelectInputTrigger                   0x0800a101   Thumb Code    18  stm32f10x_tim.o(.text)
    TIM_ITRxExternalClockConfig              0x0800a113   Thumb Code    24  stm32f10x_tim.o(.text)
    TIM_TIxExternalClockConfig               0x0800a12b   Thumb Code    62  stm32f10x_tim.o(.text)
    TIM_ETRConfig                            0x0800a169   Thumb Code    28  stm32f10x_tim.o(.text)
    TIM_ETRClockMode1Config                  0x0800a185   Thumb Code    54  stm32f10x_tim.o(.text)
    TIM_ETRClockMode2Config                  0x0800a1bb   Thumb Code    32  stm32f10x_tim.o(.text)
    TIM_PrescalerConfig                      0x0800a1db   Thumb Code     6  stm32f10x_tim.o(.text)
    TIM_CounterModeConfig                    0x0800a1e1   Thumb Code    18  stm32f10x_tim.o(.text)
    TIM_EncoderInterfaceConfig               0x0800a1f3   Thumb Code    66  stm32f10x_tim.o(.text)
    TIM_ForcedOC1Config                      0x0800a235   Thumb Code    18  stm32f10x_tim.o(.text)
    TIM_ForcedOC2Config                      0x0800a247   Thumb Code    26  stm32f10x_tim.o(.text)
    TIM_ForcedOC3Config                      0x0800a261   Thumb Code    18  stm32f10x_tim.o(.text)
    TIM_ForcedOC4Config                      0x0800a273   Thumb Code    26  stm32f10x_tim.o(.text)
    TIM_ARRPreloadConfig                     0x0800a28d   Thumb Code    24  stm32f10x_tim.o(.text)
    TIM_SelectCOM                            0x0800a2a5   Thumb Code    24  stm32f10x_tim.o(.text)
    TIM_SelectCCDMA                          0x0800a2bd   Thumb Code    24  stm32f10x_tim.o(.text)
    TIM_CCPreloadControl                     0x0800a2d5   Thumb Code    24  stm32f10x_tim.o(.text)
    TIM_OC1PreloadConfig                     0x0800a2ed   Thumb Code    18  stm32f10x_tim.o(.text)
    TIM_OC2PreloadConfig                     0x0800a2ff   Thumb Code    26  stm32f10x_tim.o(.text)
    TIM_OC3PreloadConfig                     0x0800a319   Thumb Code    18  stm32f10x_tim.o(.text)
    TIM_OC4PreloadConfig                     0x0800a32b   Thumb Code    26  stm32f10x_tim.o(.text)
    TIM_OC1FastConfig                        0x0800a345   Thumb Code    18  stm32f10x_tim.o(.text)
    TIM_OC2FastConfig                        0x0800a357   Thumb Code    26  stm32f10x_tim.o(.text)
    TIM_OC3FastConfig                        0x0800a371   Thumb Code    18  stm32f10x_tim.o(.text)
    TIM_OC4FastConfig                        0x0800a383   Thumb Code    26  stm32f10x_tim.o(.text)
    TIM_ClearOC1Ref                          0x0800a39d   Thumb Code    18  stm32f10x_tim.o(.text)
    TIM_ClearOC2Ref                          0x0800a3af   Thumb Code    24  stm32f10x_tim.o(.text)
    TIM_ClearOC3Ref                          0x0800a3c7   Thumb Code    18  stm32f10x_tim.o(.text)
    TIM_ClearOC4Ref                          0x0800a3d9   Thumb Code    24  stm32f10x_tim.o(.text)
    TIM_OC1PolarityConfig                    0x0800a3f1   Thumb Code    18  stm32f10x_tim.o(.text)
    TIM_OC1NPolarityConfig                   0x0800a403   Thumb Code    18  stm32f10x_tim.o(.text)
    TIM_OC2PolarityConfig                    0x0800a415   Thumb Code    26  stm32f10x_tim.o(.text)
    TIM_OC2NPolarityConfig                   0x0800a42f   Thumb Code    26  stm32f10x_tim.o(.text)
    TIM_OC3PolarityConfig                    0x0800a449   Thumb Code    26  stm32f10x_tim.o(.text)
    TIM_OC3NPolarityConfig                   0x0800a463   Thumb Code    26  stm32f10x_tim.o(.text)
    TIM_OC4PolarityConfig                    0x0800a47d   Thumb Code    26  stm32f10x_tim.o(.text)
    TIM_CCxCmd                               0x0800a497   Thumb Code    30  stm32f10x_tim.o(.text)
    TIM_CCxNCmd                              0x0800a4b5   Thumb Code    30  stm32f10x_tim.o(.text)
    TIM_SelectOCxM                           0x0800a4d3   Thumb Code    82  stm32f10x_tim.o(.text)
    TIM_UpdateDisableConfig                  0x0800a525   Thumb Code    24  stm32f10x_tim.o(.text)
    TIM_UpdateRequestConfig                  0x0800a53d   Thumb Code    24  stm32f10x_tim.o(.text)
    TIM_SelectHallSensor                     0x0800a555   Thumb Code    24  stm32f10x_tim.o(.text)
    TIM_SelectOnePulseMode                   0x0800a56d   Thumb Code    18  stm32f10x_tim.o(.text)
    TIM_SelectOutputTrigger                  0x0800a57f   Thumb Code    18  stm32f10x_tim.o(.text)
    TIM_SelectSlaveMode                      0x0800a591   Thumb Code    18  stm32f10x_tim.o(.text)
    TIM_SelectMasterSlaveMode                0x0800a5a3   Thumb Code    18  stm32f10x_tim.o(.text)
    TIM_SetCounter                           0x0800a5b5   Thumb Code     4  stm32f10x_tim.o(.text)
    TIM_SetAutoreload                        0x0800a5b9   Thumb Code     4  stm32f10x_tim.o(.text)
    TIM_SetCompare1                          0x0800a5bd   Thumb Code     4  stm32f10x_tim.o(.text)
    TIM_SetCompare2                          0x0800a5c1   Thumb Code     4  stm32f10x_tim.o(.text)
    TIM_SetCompare3                          0x0800a5c5   Thumb Code     4  stm32f10x_tim.o(.text)
    TIM_SetCompare4                          0x0800a5c9   Thumb Code     6  stm32f10x_tim.o(.text)
    TIM_SetClockDivision                     0x0800a5cf   Thumb Code    18  stm32f10x_tim.o(.text)
    TIM_GetCapture1                          0x0800a5e1   Thumb Code     6  stm32f10x_tim.o(.text)
    TIM_GetCapture2                          0x0800a5e7   Thumb Code     6  stm32f10x_tim.o(.text)
    TIM_GetCapture3                          0x0800a5ed   Thumb Code     6  stm32f10x_tim.o(.text)
    TIM_GetCapture4                          0x0800a5f3   Thumb Code     8  stm32f10x_tim.o(.text)
    TIM_GetCounter                           0x0800a5fb   Thumb Code     6  stm32f10x_tim.o(.text)
    TIM_GetPrescaler                         0x0800a601   Thumb Code     6  stm32f10x_tim.o(.text)
    TIM_GetFlagStatus                        0x0800a607   Thumb Code    18  stm32f10x_tim.o(.text)
    TIM_ClearFlag                            0x0800a619   Thumb Code     6  stm32f10x_tim.o(.text)
    TIM_GetITStatus                          0x0800a61f   Thumb Code    34  stm32f10x_tim.o(.text)
    TIM_ClearITPendingBit                    0x0800a641   Thumb Code     6  stm32f10x_tim.o(.text)
    DMA_DeInit                               0x0800a649   Thumb Code   324  stm32f10x_dma.o(.text)
    DMA_Init                                 0x0800a78d   Thumb Code    60  stm32f10x_dma.o(.text)
    DMA_StructInit                           0x0800a7c9   Thumb Code    26  stm32f10x_dma.o(.text)
    DMA_Cmd                                  0x0800a7e3   Thumb Code    24  stm32f10x_dma.o(.text)
    DMA_ITConfig                             0x0800a7fb   Thumb Code    18  stm32f10x_dma.o(.text)
    DMA_SetCurrDataCounter                   0x0800a80d   Thumb Code     4  stm32f10x_dma.o(.text)
    DMA_GetCurrDataCounter                   0x0800a811   Thumb Code     8  stm32f10x_dma.o(.text)
    DMA_GetFlagStatus                        0x0800a819   Thumb Code    40  stm32f10x_dma.o(.text)
    DMA_ClearFlag                            0x0800a841   Thumb Code    22  stm32f10x_dma.o(.text)
    DMA_GetITStatus                          0x0800a857   Thumb Code    40  stm32f10x_dma.o(.text)
    DMA_ClearITPendingBit                    0x0800a87f   Thumb Code    22  stm32f10x_dma.o(.text)
    mymemcpy                                 0x0800a89d   Thumb Code    26  malloc.o(.text)
    mymemset                                 0x0800a8b7   Thumb Code    20  malloc.o(.text)
    mem_init                                 0x0800a8cb   Thumb Code    38  malloc.o(.text)
    mem_perused                              0x0800a8f1   Thumb Code    42  malloc.o(.text)
    mem_malloc                               0x0800a91b   Thumb Code   116  malloc.o(.text)
    mem_free                                 0x0800a98f   Thumb Code    66  malloc.o(.text)
    myfree                                   0x0800a9d1   Thumb Code    24  malloc.o(.text)
    mymalloc                                 0x0800a9e9   Thumb Code    28  malloc.o(.text)
    myrealloc                                0x0800aa05   Thumb Code    50  malloc.o(.text)
    ff_convert                               0x0800aa3d   Thumb Code   146  mycc936.o(.text)
    ff_wtoupper                              0x0800aacf   Thumb Code    46  mycc936.o(.text)
    Get_HzMat                                0x0800ab09   Thumb Code   220  text.o(.text)
    Show_Font                                0x0800abe5   Thumb Code   190  text.o(.text)
    Show_Str                                 0x0800aca3   Thumb Code   192  text.o(.text)
    Show_Str_Mid                             0x0800ad63   Thumb Code   106  text.o(.text)
    sim_at_response                          0x0800addd   Thumb Code    46  sim900a.o(.text)
    sim900a_check_cmd                        0x0800ae0b   Thumb Code    44  sim900a.o(.text)
    sim900a_send_cmd                         0x0800ae37   Thumb Code    96  sim900a.o(.text)
    sim900a_chr2hex                          0x0800ae97   Thumb Code    54  sim900a.o(.text)
    sim900a_hex2chr                          0x0800aecd   Thumb Code    34  sim900a.o(.text)
    sim900a_unigbk_exchange                  0x0800aeef   Thumb Code   236  sim900a.o(.text)
    sim900a_load_keyboard                    0x0800afdb   Thumb Code   292  sim900a.o(.text)
    sim900a_key_staset                       0x0800b0ff   Thumb Code   358  sim900a.o(.text)
    sim900a_get_keynum                       0x0800b265   Thumb Code   230  sim900a.o(.text)
    sim900a_call_test                        0x0800b34b   Thumb Code  1192  sim900a.o(.text)
    sim900a_sms_read_test                    0x0800b7f3   Thumb Code  1240  sim900a.o(.text)
    sim900a_sms_send_test                    0x0800bccb   Thumb Code   638  sim900a.o(.text)
    sim900a_sms_ui                           0x0800bf49   Thumb Code   396  sim900a.o(.text)
    sim900a_sms_test                         0x0800c0d5   Thumb Code   180  sim900a.o(.text)
    sim900a_tcpudp_test                      0x0800c189   Thumb Code  1542  sim900a.o(.text)
    sim900a_gprs_ui                          0x0800c78f   Thumb Code   152  sim900a.o(.text)
    sim900a_gprs_test                        0x0800c827   Thumb Code   518  sim900a.o(.text)
    sim900a_mtest_ui                         0x0800ca2d   Thumb Code   786  sim900a.o(.text)
    sim900a_gsminfo_show                     0x0800cd3f   Thumb Code   420  sim900a.o(.text)
    sim900a_test                             0x0800cee3   Thumb Code   586  sim900a.o(.text)
    ADC_DeInit                               0x0800d131   Thumb Code    78  stm32f10x_adc.o(.text)
    ADC_Init                                 0x0800d17f   Thumb Code    70  stm32f10x_adc.o(.text)
    ADC_StructInit                           0x0800d1c5   Thumb Code    18  stm32f10x_adc.o(.text)
    ADC_Cmd                                  0x0800d1d7   Thumb Code    22  stm32f10x_adc.o(.text)
    ADC_DMACmd                               0x0800d1ed   Thumb Code    22  stm32f10x_adc.o(.text)
    ADC_ITConfig                             0x0800d203   Thumb Code    24  stm32f10x_adc.o(.text)
    ADC_ResetCalibration                     0x0800d21b   Thumb Code    10  stm32f10x_adc.o(.text)
    ADC_GetResetCalibrationStatus            0x0800d225   Thumb Code    20  stm32f10x_adc.o(.text)
    ADC_StartCalibration                     0x0800d239   Thumb Code    10  stm32f10x_adc.o(.text)
    ADC_GetCalibrationStatus                 0x0800d243   Thumb Code    20  stm32f10x_adc.o(.text)
    ADC_SoftwareStartConvCmd                 0x0800d257   Thumb Code    22  stm32f10x_adc.o(.text)
    ADC_GetSoftwareStartConvStatus           0x0800d26d   Thumb Code    20  stm32f10x_adc.o(.text)
    ADC_DiscModeChannelCountConfig           0x0800d281   Thumb Code    24  stm32f10x_adc.o(.text)
    ADC_DiscModeCmd                          0x0800d299   Thumb Code    22  stm32f10x_adc.o(.text)
    ADC_RegularChannelConfig                 0x0800d2af   Thumb Code   184  stm32f10x_adc.o(.text)
    ADC_ExternalTrigConvCmd                  0x0800d367   Thumb Code    22  stm32f10x_adc.o(.text)
    ADC_GetConversionValue                   0x0800d37d   Thumb Code     8  stm32f10x_adc.o(.text)
    ADC_GetDualModeConversionValue           0x0800d385   Thumb Code     8  stm32f10x_adc.o(.text)
    ADC_AutoInjectedConvCmd                  0x0800d38d   Thumb Code    22  stm32f10x_adc.o(.text)
    ADC_InjectedDiscModeCmd                  0x0800d3a3   Thumb Code    22  stm32f10x_adc.o(.text)
    ADC_ExternalTrigInjectedConvConfig       0x0800d3b9   Thumb Code    16  stm32f10x_adc.o(.text)
    ADC_ExternalTrigInjectedConvCmd          0x0800d3c9   Thumb Code    22  stm32f10x_adc.o(.text)
    ADC_SoftwareStartInjectedConvCmd         0x0800d3df   Thumb Code    22  stm32f10x_adc.o(.text)
    ADC_GetSoftwareStartInjectedConvCmdStatus 0x0800d3f5   Thumb Code    20  stm32f10x_adc.o(.text)
    ADC_InjectedChannelConfig                0x0800d409   Thumb Code   130  stm32f10x_adc.o(.text)
    ADC_InjectedSequencerLengthConfig        0x0800d48b   Thumb Code    24  stm32f10x_adc.o(.text)
    ADC_SetInjectedOffset                    0x0800d4a3   Thumb Code    20  stm32f10x_adc.o(.text)
    ADC_GetInjectedConversionValue           0x0800d4b7   Thumb Code    28  stm32f10x_adc.o(.text)
    ADC_AnalogWatchdogCmd                    0x0800d4d3   Thumb Code    16  stm32f10x_adc.o(.text)
    ADC_AnalogWatchdogThresholdsConfig       0x0800d4e3   Thumb Code     6  stm32f10x_adc.o(.text)
    ADC_AnalogWatchdogSingleChannelConfig    0x0800d4e9   Thumb Code    16  stm32f10x_adc.o(.text)
    ADC_TempSensorVrefintCmd                 0x0800d4f9   Thumb Code    64  stm32f10x_adc.o(.text)
    ADC_GetFlagStatus                        0x0800d539   Thumb Code    18  stm32f10x_adc.o(.text)
    ADC_ClearFlag                            0x0800d54b   Thumb Code     6  stm32f10x_adc.o(.text)
    ADC_GetITStatus                          0x0800d551   Thumb Code    36  stm32f10x_adc.o(.text)
    ADC_ClearITPendingBit                    0x0800d575   Thumb Code    10  stm32f10x_adc.o(.text)
    Adc_Init                                 0x0800d581   Thumb Code   132  adc_rand.o(.text)
    Get_Adc                                  0x0800d605   Thumb Code    46  adc_rand.o(.text)
    Get_Adc_Average                          0x0800d633   Thumb Code    88  adc_rand.o(.text)
    genRandomString                          0x0800d68b   Thumb Code    36  adc_rand.o(.text)
    temp_random                              0x0800d6af   Thumb Code    66  adc_rand.o(.text)
    humi_random                              0x0800d6f1   Thumb Code    58  adc_rand.o(.text)
    Close_random                             0x0800d72b   Thumb Code    44  adc_rand.o(.text)
    Landing_Init                             0x0800d765   Thumb Code   244  sim900a_land.o(.text)
    HTTP_PostPkt                             0x0800d959   Thumb Code   252  http.o(.text)
    __use_no_semihosting                     0x0800dac1   Thumb Code     2  use_no_semi_2.o(.text)
    __c89vsprintf                            0x0800dac5   Thumb Code    32  c89vsprintf.o(.text)
    __2printf                                0x0800dae9   Thumb Code    20  __2printf.o(.text)
    __2sprintf                               0x0800db01   Thumb Code    38  __2sprintf.o(.text)
    _printf_str                              0x0800db2d   Thumb Code    82  _printf_str.o(.text)
    _printf_int_dec                          0x0800db81   Thumb Code   104  _printf_dec.o(.text)
    _printf_longlong_hex                     0x0800dbf9   Thumb Code    86  _printf_hex_int_ll_ptr.o(.text)
    _printf_int_hex                          0x0800dc4f   Thumb Code    28  _printf_hex_int_ll_ptr.o(.text)
    _printf_ll_hex                           0x0800dc6b   Thumb Code    12  _printf_hex_int_ll_ptr.o(.text)
    _printf_hex_ptr                          0x0800dc77   Thumb Code    18  _printf_hex_int_ll_ptr.o(.text)
    __printf                                 0x0800dc8d   Thumb Code   388  __printf_flags_ss_wp.o(.text)
    srand                                    0x0800de15   Thumb Code    42  rand.o(.text)
    _rand_init                               0x0800de3f   Thumb Code     4  rand.o(.text)
    strstr                                   0x0800de51   Thumb Code    36  strstr.o(.text)
    strcpy                                   0x0800de75   Thumb Code    72  strcpy.o(.text)
    strlen                                   0x0800debd   Thumb Code    62  strlen.o(.text)
    strcat                                   0x0800defb   Thumb Code    24  strcat.o(.text)
    __aeabi_memclr4                          0x0800df13   Thumb Code     0  rt_memclr_w.o(.text)
    __aeabi_memclr8                          0x0800df13   Thumb Code     0  rt_memclr_w.o(.text)
    __rt_memclr_w                            0x0800df13   Thumb Code    78  rt_memclr_w.o(.text)
    _memset_w                                0x0800df17   Thumb Code     0  rt_memclr_w.o(.text)
    strcmp                                   0x0800df61   Thumb Code   128  strcmpv7m.o(.text)
    __use_two_region_memory                  0x0800dfe1   Thumb Code     2  heapauxi.o(.text)
    __rt_heap_escrow$2region                 0x0800dfe3   Thumb Code     2  heapauxi.o(.text)
    __rt_heap_expand$2region                 0x0800dfe5   Thumb Code     2  heapauxi.o(.text)
    __I$use$semihosting                      0x0800dfe7   Thumb Code     0  use_no_semi.o(.text)
    __use_no_semihosting_swi                 0x0800dfe7   Thumb Code     2  use_no_semi.o(.text)
    __read_errno                             0x0800dfe9   Thumb Code    10  _rserrno.o(.text)
    __set_errno                              0x0800dff3   Thumb Code    12  _rserrno.o(.text)
    _printf_pre_padding                      0x0800dfff   Thumb Code    44  _printf_pad.o(.text)
    _printf_post_padding                     0x0800e02b   Thumb Code    34  _printf_pad.o(.text)
    _printf_truncate_signed                  0x0800e04d   Thumb Code    18  _printf_truncate.o(.text)
    _printf_truncate_unsigned                0x0800e05f   Thumb Code    18  _printf_truncate.o(.text)
    _printf_int_common                       0x0800e071   Thumb Code   178  _printf_intcommon.o(.text)
    _printf_charcount                        0x0800e123   Thumb Code    40  _printf_charcount.o(.text)
    __lib_sel_fp_printf                      0x0800e14b   Thumb Code     2  _printf_fp_dec.o(.text)
    _printf_fp_dec_real                      0x0800e2f9   Thumb Code   620  _printf_fp_dec.o(.text)
    _printf_char_common                      0x0800e56f   Thumb Code    32  _printf_char_common.o(.text)
    _sputc                                   0x0800e595   Thumb Code    10  _sputc.o(.text)
    _printf_cs_common                        0x0800e59f   Thumb Code    20  _printf_char.o(.text)
    _printf_char                             0x0800e5b3   Thumb Code    16  _printf_char.o(.text)
    _printf_string                           0x0800e5c3   Thumb Code     8  _printf_char.o(.text)
    _printf_char_file                        0x0800e5cd   Thumb Code    32  _printf_char_file.o(.text)
    _printf_wctomb                           0x0800e5f1   Thumb Code   182  _printf_wctomb.o(.text)
    _printf_longlong_dec                     0x0800e6ad   Thumb Code   108  _printf_longlong_dec.o(.text)
    _printf_longlong_oct                     0x0800e729   Thumb Code    68  _printf_oct_int_ll.o(.text)
    _printf_int_oct                          0x0800e76d   Thumb Code    24  _printf_oct_int_ll.o(.text)
    _printf_ll_oct                           0x0800e785   Thumb Code    12  _printf_oct_int_ll.o(.text)
    __rt_locale                              0x0800e799   Thumb Code     8  rt_locale_intlibspace.o(.text)
    __aeabi_errno_addr                       0x0800e7a1   Thumb Code     8  rt_errno_addr_intlibspace.o(.text)
    __errno$intlibspace                      0x0800e7a1   Thumb Code     0  rt_errno_addr_intlibspace.o(.text)
    __rt_errno_addr$intlibspace              0x0800e7a1   Thumb Code     0  rt_errno_addr_intlibspace.o(.text)
    _ll_udiv10                               0x0800e7a9   Thumb Code   138  lludiv10.o(.text)
    _printf_fp_infnan                        0x0800e835   Thumb Code   112  _printf_fp_infnan.o(.text)
    _printf_lcs_common                       0x0800e8b5   Thumb Code    20  _printf_wchar.o(.text)
    _printf_wchar                            0x0800e8c9   Thumb Code    16  _printf_wchar.o(.text)
    _printf_wstring                          0x0800e8d9   Thumb Code     8  _printf_wchar.o(.text)
    _btod_etento                             0x0800e8e1   Thumb Code   216  bigflt0.o(.text)
    ferror                                   0x0800e9bd   Thumb Code     8  ferror.o(.text)
    _wcrtomb                                 0x0800e9c5   Thumb Code    64  _wcrtomb.o(.text)
    __user_libspace                          0x0800ea05   Thumb Code     8  libspace.o(.text)
    __user_perproc_libspace                  0x0800ea05   Thumb Code     0  libspace.o(.text)
    __user_perthread_libspace                0x0800ea05   Thumb Code     0  libspace.o(.text)
    __user_setup_stackheap                   0x0800ea0d   Thumb Code    74  sys_stackheap_outer.o(.text)
    __rt_ctype_table                         0x0800ea59   Thumb Code    16  rt_ctype_table.o(.text)
    exit                                     0x0800ea69   Thumb Code    12  exit.o(.text)
    _btod_d2e                                0x0800ea75   Thumb Code    62  btod.o(CL$$btod_d2e)
    _d2e_denorm_low                          0x0800eab3   Thumb Code    70  btod.o(CL$$btod_d2e_denorm_low)
    _d2e_norm_op1                            0x0800eaf9   Thumb Code    96  btod.o(CL$$btod_d2e_norm_op1)
    __btod_div_common                        0x0800eb59   Thumb Code   696  btod.o(CL$$btod_div_common)
    _e2e                                     0x0800ee91   Thumb Code   198  btod.o(CL$$btod_e2e)
    _btod_ediv                               0x0800ef57   Thumb Code    40  btod.o(CL$$btod_ediv)
    _btod_emul                               0x0800ef7f   Thumb Code    40  btod.o(CL$$btod_emul)
    __btod_mult_common                       0x0800efa7   Thumb Code   580  btod.o(CL$$btod_mult_common)
    __ARM_fpclassify                         0x0800f1eb   Thumb Code    40  fpclassify.o(i.__ARM_fpclassify)
    _is_digit                                0x0800f213   Thumb Code    14  __printf_wp.o(i._is_digit)
    sqrt                                     0x0800f221   Thumb Code    76  sqrt.o(i.sqrt)
    _get_lc_numeric                          0x0800f26d   Thumb Code    44  lc_numeric_c.o(locale$$code)
    _get_lc_ctype                            0x0800f299   Thumb Code    44  lc_ctype_c.o(locale$$code)
    __aeabi_d2f                              0x0800f2c5   Thumb Code     0  d2f.o(x$fpl$d2f)
    _d2f                                     0x0800f2c5   Thumb Code    98  d2f.o(x$fpl$d2f)
    __aeabi_dadd                             0x0800f329   Thumb Code     0  daddsub_clz.o(x$fpl$dadd)
    _dadd                                    0x0800f329   Thumb Code   332  daddsub_clz.o(x$fpl$dadd)
    __fpl_dcmp_Inf                           0x0800f479   Thumb Code    24  dcmpi.o(x$fpl$dcmpinf)
    __aeabi_ddiv                             0x0800f491   Thumb Code     0  ddiv.o(x$fpl$ddiv)
    _ddiv                                    0x0800f491   Thumb Code   552  ddiv.o(x$fpl$ddiv)
    __aeabi_d2uiz                            0x0800f741   Thumb Code     0  dfixu.o(x$fpl$dfixu)
    _dfixu                                   0x0800f741   Thumb Code    90  dfixu.o(x$fpl$dfixu)
    __aeabi_i2d                              0x0800f79b   Thumb Code     0  dflt_clz.o(x$fpl$dflt)
    _dflt                                    0x0800f79b   Thumb Code    46  dflt_clz.o(x$fpl$dflt)
    __aeabi_ui2d                             0x0800f7c9   Thumb Code     0  dflt_clz.o(x$fpl$dfltu)
    _dfltu                                   0x0800f7c9   Thumb Code    38  dflt_clz.o(x$fpl$dfltu)
    __aeabi_cdcmple                          0x0800f7f1   Thumb Code     0  dleqf.o(x$fpl$dleqf)
    _dcmple                                  0x0800f7f1   Thumb Code   120  dleqf.o(x$fpl$dleqf)
    __fpl_dcmple_InfNaN                      0x0800f853   Thumb Code     0  dleqf.o(x$fpl$dleqf)
    __aeabi_dmul                             0x0800f869   Thumb Code     0  dmul.o(x$fpl$dmul)
    _dmul                                    0x0800f869   Thumb Code   332  dmul.o(x$fpl$dmul)
    __fpl_dnaninf                            0x0800f9bd   Thumb Code   156  dnaninf.o(x$fpl$dnaninf)
    __fpl_dretinf                            0x0800fa59   Thumb Code    12  dretinf.o(x$fpl$dretinf)
    __aeabi_cdrcmple                         0x0800fa65   Thumb Code     0  drleqf.o(x$fpl$drleqf)
    _drcmple                                 0x0800fa65   Thumb Code   108  drleqf.o(x$fpl$drleqf)
    __aeabi_drsub                            0x0800fad1   Thumb Code     0  daddsub_clz.o(x$fpl$drsb)
    _drsb                                    0x0800fad1   Thumb Code    22  daddsub_clz.o(x$fpl$drsb)
    _dsqrt                                   0x0800fae9   Thumb Code   456  dsqrt_noumaal.o(x$fpl$dsqrt)
    __aeabi_dsub                             0x0800fcb5   Thumb Code     0  daddsub_clz.o(x$fpl$dsub)
    _dsub                                    0x0800fcb5   Thumb Code   464  daddsub_clz.o(x$fpl$dsub)
    __aeabi_f2d                              0x0800fe89   Thumb Code     0  f2d.o(x$fpl$f2d)
    _f2d                                     0x0800fe89   Thumb Code    86  f2d.o(x$fpl$f2d)
    __aeabi_fadd                             0x0800fee1   Thumb Code     0  faddsub_clz.o(x$fpl$fadd)
    _fadd                                    0x0800fee1   Thumb Code   196  faddsub_clz.o(x$fpl$fadd)
    __aeabi_fdiv                             0x0800ffa5   Thumb Code     0  fdiv.o(x$fpl$fdiv)
    _fdiv                                    0x0800ffa5   Thumb Code   384  fdiv.o(x$fpl$fdiv)
    __aeabi_f2iz                             0x08010129   Thumb Code     0  ffix.o(x$fpl$ffix)
    _ffix                                    0x08010129   Thumb Code    54  ffix.o(x$fpl$ffix)
    __aeabi_f2uiz                            0x08010161   Thumb Code     0  ffixu.o(x$fpl$ffixu)
    _ffixu                                   0x08010161   Thumb Code    62  ffixu.o(x$fpl$ffixu)
    __aeabi_i2f                              0x080101a1   Thumb Code     0  fflt_clz.o(x$fpl$fflt)
    _fflt                                    0x080101a1   Thumb Code    48  fflt_clz.o(x$fpl$fflt)
    __aeabi_ui2f                             0x080101d1   Thumb Code     0  fflt_clz.o(x$fpl$ffltu)
    _ffltu                                   0x080101d1   Thumb Code    38  fflt_clz.o(x$fpl$ffltu)
    __aeabi_fmul                             0x080101f9   Thumb Code     0  fmul.o(x$fpl$fmul)
    _fmul                                    0x080101f9   Thumb Code   258  fmul.o(x$fpl$fmul)
    __fpl_fnaninf                            0x080102fb   Thumb Code   140  fnaninf.o(x$fpl$fnaninf)
    __fpl_fretinf                            0x08010387   Thumb Code    10  fretinf.o(x$fpl$fretinf)
    __aeabi_fsub                             0x08010391   Thumb Code     0  faddsub_clz.o(x$fpl$fsub)
    _fsub                                    0x08010391   Thumb Code   234  faddsub_clz.o(x$fpl$fsub)
    _printf_fp_dec                           0x0801047b   Thumb Code     4  printf1.o(x$fpl$printf1)
    __I$use$fp                               0x0801047e   Number         0  usenofp.o(x$fpl$usenofp)
    asc2_1206                                0x0801047e   Data        1140  lcd.o(.constdata)
    asc2_1608                                0x080108f2   Data        1520  lcd.o(.constdata)
    asc2_2412                                0x08010ee2   Data        3420  lcd.o(.constdata)
    TP_ADJDIS_TBL                            0x08011c3e   Data          12  touch.o(.constdata)
    OTT_TPX_TBL                              0x08011c4a   Data          10  ott2001a.o(.constdata)
    FT5206_TPX_TBL                           0x08011c54   Data          10  ft5206.o(.constdata)
    GT9147_CFG_TBL                           0x08011c5e   Data         184  gt9147.o(.constdata)
    GT9147_TPX_TBL                           0x08011d16   Data          10  gt9147.o(.constdata)
    Region$$Table$$Base                      0x08012498   Number         0  anon$$obj.o(Region$$Table)
    Region$$Table$$Limit                     0x080124b8   Number         0  anon$$obj.o(Region$$Table)
    __ctype                                  0x080124e1   Data           0  lc_ctype_c.o(locale$$data)
    SystemCoreClock                          0x20000000   Data           4  system_stm32f10x.o(.data)
    AHBPrescTable                            0x20000004   Data          16  system_stm32f10x.o(.data)
    POINT_COLOR                              0x20000016   Data           2  lcd.o(.data)
    BACK_COLOR                               0x20000018   Data           2  lcd.o(.data)
    SPI_FLASH_TYPE                           0x2000001a   Data           2  flash.o(.data)
    tp_dev                                   0x2000001c   Data          52  touch.o(.data)
    CMD_RDX                                  0x20000050   Data           1  touch.o(.data)
    CMD_RDY                                  0x20000051   Data           1  touch.o(.data)
    TP_REMIND_MSG_TBL                        0x20000054   Data           4  touch.o(.data)
    USART2_RX_STA                            0x2000005a   Data           2  usart2.o(.data)
    __stdout                                 0x20000064   Data           4  usart.o(.data)
    USART_RX_STA                             0x20000068   Data           2  usart.o(.data)
    mallco_dev                               0x20000080   Data          20  malloc.o(.data)
    kbd_tbl1                                 0x20000094   Data          52  sim900a.o(.data)
    kbd_tbl2                                 0x200000c8   Data          52  sim900a.o(.data)
    kbd_tbl                                  0x200000fc   Data           4  sim900a.o(.data)
    kbd_fn_tbl                               0x20000100   Data           8  sim900a.o(.data)
    sim900a_test_msg                         0x20000108   Data           4  sim900a.o(.data)
    modetbl                                  0x2000010c   Data           8  sim900a.o(.data)
    lcddev                                   0x20000118   Data          14  lcd.o(.bss)
    SPI_InitStructure                        0x20000126   Data          18  spi.o(.bss)
    USART2_TX_BUF                            0x20000138   Data        1024  usart2.o(.bss)
    USART2_RX_BUF                            0x20000538   Data        1024  usart2.o(.bss)
    USART_RX_BUF                             0x20000938   Data         200  usart.o(.bss)
    membase                                  0x20000a00   Data       35840  malloc.o(.bss)
    memmapbase                               0x20009600   Data        2240  malloc.o(.bss)
    ftinfo                                   0x20009ec0   Data          33  fontupd.o(.bss)
    _random_number_data                      0x20009ee4   Data         228  rand.o(.bss)
    __libspace_start                         0x20009fc8   Data          96  libspace.o(.bss)
    __temporary_stack_top$libspace           0x2000a028   Data           0  libspace.o(.bss)



==============================================================================

Memory Map of the image

  Image Entry point : 0x08000131

  Load Region LR_IROM1 (Base: 0x08000000, Size: 0x000126fc, Max: 0x00040000, ABSOLUTE)

    Execution Region ER_IROM1 (Base: 0x08000000, Size: 0x000125e4, Max: 0x00040000, ABSOLUTE)

    Base Addr    Size         Type   Attr      Idx    E Section Name        Object

    0x08000000   0x00000130   Data   RO          528    RESET               startup_stm32f10x_hd.o
    0x08000130   0x00000008   Code   RO          948  * !!!main             c_w.l(__main.o)
    0x08000138   0x00000034   Code   RO         1295    !!!scatter          c_w.l(__scatter.o)
    0x0800016c   0x0000001a   Code   RO         1297    !!handler_copy      c_w.l(__scatter_copy.o)
    0x08000186   0x00000002   PAD
    0x08000188   0x0000001c   Code   RO         1299    !!handler_zi        c_w.l(__scatter_zi.o)
    0x080001a4   0x00000000   Code   RO          928    .ARM.Collect$$_printf_percent$$00000000  c_w.l(_printf_percent.o)
    0x080001a4   0x00000006   Code   RO         1052    .ARM.Collect$$_printf_percent$$00000001  c_w.l(_printf_n.o)
    0x080001aa   0x00000006   Code   RO         1053    .ARM.Collect$$_printf_percent$$00000002  c_w.l(_printf_p.o)
    0x080001b0   0x00000006   Code   RO          927    .ARM.Collect$$_printf_percent$$00000003  c_w.l(_printf_f.o)
    0x080001b6   0x00000006   Code   RO         1057    .ARM.Collect$$_printf_percent$$00000004  c_w.l(_printf_e.o)
    0x080001bc   0x00000006   Code   RO         1058    .ARM.Collect$$_printf_percent$$00000005  c_w.l(_printf_g.o)
    0x080001c2   0x00000006   Code   RO         1059    .ARM.Collect$$_printf_percent$$00000006  c_w.l(_printf_a.o)
    0x080001c8   0x0000000a   Code   RO         1064    .ARM.Collect$$_printf_percent$$00000007  c_w.l(_printf_ll.o)
    0x080001d2   0x00000006   Code   RO         1055    .ARM.Collect$$_printf_percent$$00000008  c_w.l(_printf_i.o)
    0x080001d8   0x00000006   Code   RO          926    .ARM.Collect$$_printf_percent$$00000009  c_w.l(_printf_d.o)
    0x080001de   0x00000006   Code   RO         1056    .ARM.Collect$$_printf_percent$$0000000A  c_w.l(_printf_u.o)
    0x080001e4   0x00000006   Code   RO         1054    .ARM.Collect$$_printf_percent$$0000000B  c_w.l(_printf_o.o)
    0x080001ea   0x00000006   Code   RO          925    .ARM.Collect$$_printf_percent$$0000000C  c_w.l(_printf_x.o)
    0x080001f0   0x00000006   Code   RO         1061    .ARM.Collect$$_printf_percent$$0000000D  c_w.l(_printf_lli.o)
    0x080001f6   0x00000006   Code   RO         1062    .ARM.Collect$$_printf_percent$$0000000E  c_w.l(_printf_lld.o)
    0x080001fc   0x00000006   Code   RO         1063    .ARM.Collect$$_printf_percent$$0000000F  c_w.l(_printf_llu.o)
    0x08000202   0x00000006   Code   RO         1068    .ARM.Collect$$_printf_percent$$00000010  c_w.l(_printf_llo.o)
    0x08000208   0x00000006   Code   RO         1069    .ARM.Collect$$_printf_percent$$00000011  c_w.l(_printf_llx.o)
    0x0800020e   0x0000000a   Code   RO         1065    .ARM.Collect$$_printf_percent$$00000012  c_w.l(_printf_l.o)
    0x08000218   0x00000006   Code   RO          923    .ARM.Collect$$_printf_percent$$00000013  c_w.l(_printf_c.o)
    0x0800021e   0x00000006   Code   RO          924    .ARM.Collect$$_printf_percent$$00000014  c_w.l(_printf_s.o)
    0x08000224   0x00000006   Code   RO         1066    .ARM.Collect$$_printf_percent$$00000015  c_w.l(_printf_lc.o)
    0x0800022a   0x00000006   Code   RO         1067    .ARM.Collect$$_printf_percent$$00000016  c_w.l(_printf_ls.o)
    0x08000230   0x00000004   Code   RO         1060    .ARM.Collect$$_printf_percent$$00000017  c_w.l(_printf_percent_end.o)
    0x08000234   0x00000002   Code   RO         1223    .ARM.Collect$$libinit$$00000000  c_w.l(libinit.o)
    0x08000236   0x00000000   Code   RO         1071    .ARM.Collect$$libinit$$00000002  c_w.l(libinit2.o)
    0x08000236   0x00000000   Code   RO         1073    .ARM.Collect$$libinit$$00000004  c_w.l(libinit2.o)
    0x08000236   0x00000000   Code   RO         1076    .ARM.Collect$$libinit$$0000000A  c_w.l(libinit2.o)
    0x08000236   0x00000000   Code   RO         1078    .ARM.Collect$$libinit$$0000000C  c_w.l(libinit2.o)
    0x08000236   0x00000004   Code   RO         1079    .ARM.Collect$$libinit$$0000000D  c_w.l(libinit2.o)
    0x0800023a   0x00000000   Code   RO         1080    .ARM.Collect$$libinit$$0000000E  c_w.l(libinit2.o)
    0x0800023a   0x00000006   Code   RO         1081    .ARM.Collect$$libinit$$0000000F  c_w.l(libinit2.o)
    0x08000240   0x00000000   Code   RO         1083    .ARM.Collect$$libinit$$00000011  c_w.l(libinit2.o)
    0x08000240   0x0000000c   Code   RO         1084    .ARM.Collect$$libinit$$00000012  c_w.l(libinit2.o)
    0x0800024c   0x00000000   Code   RO         1085    .ARM.Collect$$libinit$$00000013  c_w.l(libinit2.o)
    0x0800024c   0x00000000   Code   RO         1087    .ARM.Collect$$libinit$$00000015  c_w.l(libinit2.o)
    0x0800024c   0x0000000a   Code   RO         1088    .ARM.Collect$$libinit$$00000016  c_w.l(libinit2.o)
    0x08000256   0x00000000   Code   RO         1089    .ARM.Collect$$libinit$$00000017  c_w.l(libinit2.o)
    0x08000256   0x00000000   Code   RO         1091    .ARM.Collect$$libinit$$00000019  c_w.l(libinit2.o)
    0x08000256   0x00000000   Code   RO         1093    .ARM.Collect$$libinit$$0000001B  c_w.l(libinit2.o)
    0x08000256   0x00000000   Code   RO         1095    .ARM.Collect$$libinit$$0000001D  c_w.l(libinit2.o)
    0x08000256   0x00000000   Code   RO         1097    .ARM.Collect$$libinit$$0000001F  c_w.l(libinit2.o)
    0x08000256   0x00000000   Code   RO         1099    .ARM.Collect$$libinit$$00000021  c_w.l(libinit2.o)
    0x08000256   0x00000000   Code   RO         1101    .ARM.Collect$$libinit$$00000023  c_w.l(libinit2.o)
    0x08000256   0x00000000   Code   RO         1103    .ARM.Collect$$libinit$$00000025  c_w.l(libinit2.o)
    0x08000256   0x00000000   Code   RO         1107    .ARM.Collect$$libinit$$0000002C  c_w.l(libinit2.o)
    0x08000256   0x00000000   Code   RO         1109    .ARM.Collect$$libinit$$0000002E  c_w.l(libinit2.o)
    0x08000256   0x00000000   Code   RO         1111    .ARM.Collect$$libinit$$00000030  c_w.l(libinit2.o)
    0x08000256   0x00000000   Code   RO         1113    .ARM.Collect$$libinit$$00000032  c_w.l(libinit2.o)
    0x08000256   0x00000002   Code   RO         1114    .ARM.Collect$$libinit$$00000033  c_w.l(libinit2.o)
    0x08000258   0x00000002   Code   RO         1257    .ARM.Collect$$libshutdown$$00000000  c_w.l(libshutdown.o)
    0x0800025a   0x00000000   Code   RO         1264    .ARM.Collect$$libshutdown$$00000003  c_w.l(libshutdown2.o)
    0x0800025a   0x00000000   Code   RO         1267    .ARM.Collect$$libshutdown$$00000006  c_w.l(libshutdown2.o)
    0x0800025a   0x00000000   Code   RO         1270    .ARM.Collect$$libshutdown$$00000009  c_w.l(libshutdown2.o)
    0x0800025a   0x00000000   Code   RO         1272    .ARM.Collect$$libshutdown$$0000000B  c_w.l(libshutdown2.o)
    0x0800025a   0x00000000   Code   RO         1275    .ARM.Collect$$libshutdown$$0000000E  c_w.l(libshutdown2.o)
    0x0800025a   0x00000002   Code   RO         1276    .ARM.Collect$$libshutdown$$0000000F  c_w.l(libshutdown2.o)
    0x0800025c   0x00000000   Code   RO         1020    .ARM.Collect$$rtentry$$00000000  c_w.l(__rtentry.o)
    0x0800025c   0x00000000   Code   RO         1131    .ARM.Collect$$rtentry$$00000002  c_w.l(__rtentry2.o)
    0x0800025c   0x00000006   Code   RO         1143    .ARM.Collect$$rtentry$$00000004  c_w.l(__rtentry4.o)
    0x08000262   0x00000000   Code   RO         1133    .ARM.Collect$$rtentry$$00000009  c_w.l(__rtentry2.o)
    0x08000262   0x00000004   Code   RO         1134    .ARM.Collect$$rtentry$$0000000A  c_w.l(__rtentry2.o)
    0x08000266   0x00000000   Code   RO         1136    .ARM.Collect$$rtentry$$0000000C  c_w.l(__rtentry2.o)
    0x08000266   0x00000008   Code   RO         1137    .ARM.Collect$$rtentry$$0000000D  c_w.l(__rtentry2.o)
    0x0800026e   0x00000002   Code   RO         1226    .ARM.Collect$$rtexit$$00000000  c_w.l(rtexit.o)
    0x08000270   0x00000000   Code   RO         1239    .ARM.Collect$$rtexit$$00000002  c_w.l(rtexit2.o)
    0x08000270   0x00000004   Code   RO         1240    .ARM.Collect$$rtexit$$00000003  c_w.l(rtexit2.o)
    0x08000274   0x00000006   Code   RO         1241    .ARM.Collect$$rtexit$$00000004  c_w.l(rtexit2.o)
    0x0800027a   0x00000002   PAD
    0x0800027c   0x00000034   Code   RO          929    .emb_text           c_w.l(rand.o)
    0x080002b0   0x00000410   Code   RO            1    .text               main.o
    0x080006c0   0x0000001a   Code   RO          156    .text               stm32f10x_it.o
    0x080006da   0x00000002   PAD
    0x080006dc   0x000001e0   Code   RO          188    .text               system_stm32f10x.o
    0x080008bc   0x00000050   Code   RO          206    .text               led.o
    0x0800090c   0x000000fc   Code   RO          218    .text               key.o
    0x08000a08   0x00005846   Code   RO          231    .text               lcd.o
    0x0800624e   0x00000002   PAD
    0x08006250   0x000000e8   Code   RO          261    .text               spi.o
    0x08006338   0x000003c0   Code   RO          279    .text               flash.o
    0x080066f8   0x00000258   Code   RO          319    .text               myiic.o
    0x08006950   0x0000017a   Code   RO          334    .text               24cxx.o
    0x08006aca   0x00000002   PAD
    0x08006acc   0x00000ca4   Code   RO          349    .text               touch.o
    0x08007770   0x00000260   Code   RO          373    .text               ctiic.o
    0x080079d0   0x0000036c   Code   RO          388    .text               ott2001a.o
    0x08007d3c   0x00000294   Code   RO          404    .text               usart2.o
    0x08007fd0   0x00000334   Code   RO          430    .text               ft5206.o
    0x08008304   0x000003e4   Code   RO          446    .text               gt9147.o
    0x080086e8   0x000000d4   Code   RO          462    .text               delay.o
    0x080087bc   0x00000140   Code   RO          493    .text               usart.o
    0x080088fc   0x00000040   Code   RO          529    .text               startup_stm32f10x_hd.o
    0x0800893c   0x0000035c   Code   RO          533    .text               stm32f10x_gpio.o
    0x08008c98   0x000003a4   Code   RO          545    .text               stm32f10x_rcc.o
    0x0800903c   0x00000408   Code   RO          559    .text               stm32f10x_usart.o
    0x08009444   0x000000dc   Code   RO          571    .text               misc.o
    0x08009520   0x0000030c   Code   RO          583    .text               stm32f10x_spi.o
    0x0800982c   0x00000e1a   Code   RO          595    .text               stm32f10x_tim.o
    0x0800a646   0x00000002   PAD
    0x0800a648   0x00000254   Code   RO          607    .text               stm32f10x_dma.o
    0x0800a89c   0x000001a0   Code   RO          634    .text               malloc.o
    0x0800aa3c   0x000000cc   Code   RO          744    .text               mycc936.o
    0x0800ab08   0x000002d4   Code   RO          778    .text               text.o
    0x0800addc   0x00002354   Code   RO          793    .text               sim900a.o
    0x0800d130   0x0000044e   Code   RO          810    .text               stm32f10x_adc.o
    0x0800d57e   0x00000002   PAD
    0x0800d580   0x000001e4   Code   RO          825    .text               adc_rand.o
    0x0800d764   0x000001f4   Code   RO          837    .text               sim900a_land.o
    0x0800d958   0x00000168   Code   RO          849    .text               http.o
    0x0800dac0   0x00000002   Code   RO          864    .text               c_w.l(use_no_semi_2.o)
    0x0800dac2   0x00000002   PAD
    0x0800dac4   0x00000024   Code   RO          866    .text               c_w.l(c89vsprintf.o)
    0x0800dae8   0x00000018   Code   RO          868    .text               c_w.l(__2printf.o)
    0x0800db00   0x0000002c   Code   RO          870    .text               c_w.l(__2sprintf.o)
    0x0800db2c   0x00000052   Code   RO          878    .text               c_w.l(_printf_str.o)
    0x0800db7e   0x00000002   PAD
    0x0800db80   0x00000078   Code   RO          880    .text               c_w.l(_printf_dec.o)
    0x0800dbf8   0x00000094   Code   RO          900    .text               c_w.l(_printf_hex_int_ll_ptr.o)
    0x0800dc8c   0x00000188   Code   RO          920    .text               c_w.l(__printf_flags_ss_wp.o)
    0x0800de14   0x0000003c   Code   RO          930    .text               c_w.l(rand.o)
    0x0800de50   0x00000024   Code   RO          934    .text               c_w.l(strstr.o)
    0x0800de74   0x00000048   Code   RO          936    .text               c_w.l(strcpy.o)
    0x0800debc   0x0000003e   Code   RO          938    .text               c_w.l(strlen.o)
    0x0800defa   0x00000018   Code   RO          940    .text               c_w.l(strcat.o)
    0x0800df12   0x0000004e   Code   RO          942    .text               c_w.l(rt_memclr_w.o)
    0x0800df60   0x00000080   Code   RO          944    .text               c_w.l(strcmpv7m.o)
    0x0800dfe0   0x00000006   Code   RO          946    .text               c_w.l(heapauxi.o)
    0x0800dfe6   0x00000002   Code   RO         1018    .text               c_w.l(use_no_semi.o)
    0x0800dfe8   0x00000016   Code   RO         1021    .text               c_w.l(_rserrno.o)
    0x0800dffe   0x0000004e   Code   RO         1023    .text               c_w.l(_printf_pad.o)
    0x0800e04c   0x00000024   Code   RO         1025    .text               c_w.l(_printf_truncate.o)
    0x0800e070   0x000000b2   Code   RO         1027    .text               c_w.l(_printf_intcommon.o)
    0x0800e122   0x00000028   Code   RO         1029    .text               c_w.l(_printf_charcount.o)
    0x0800e14a   0x0000041a   Code   RO         1031    .text               c_w.l(_printf_fp_dec.o)
    0x0800e564   0x00000030   Code   RO         1033    .text               c_w.l(_printf_char_common.o)
    0x0800e594   0x0000000a   Code   RO         1035    .text               c_w.l(_sputc.o)
    0x0800e59e   0x0000002c   Code   RO         1037    .text               c_w.l(_printf_char.o)
    0x0800e5ca   0x00000002   PAD
    0x0800e5cc   0x00000024   Code   RO         1039    .text               c_w.l(_printf_char_file.o)
    0x0800e5f0   0x000000bc   Code   RO         1041    .text               c_w.l(_printf_wctomb.o)
    0x0800e6ac   0x0000007c   Code   RO         1044    .text               c_w.l(_printf_longlong_dec.o)
    0x0800e728   0x00000070   Code   RO         1050    .text               c_w.l(_printf_oct_int_ll.o)
    0x0800e798   0x00000008   Code   RO         1148    .text               c_w.l(rt_locale_intlibspace.o)
    0x0800e7a0   0x00000008   Code   RO         1153    .text               c_w.l(rt_errno_addr_intlibspace.o)
    0x0800e7a8   0x0000008a   Code   RO         1155    .text               c_w.l(lludiv10.o)
    0x0800e832   0x00000002   PAD
    0x0800e834   0x00000080   Code   RO         1157    .text               c_w.l(_printf_fp_infnan.o)
    0x0800e8b4   0x0000002c   Code   RO         1161    .text               c_w.l(_printf_wchar.o)
    0x0800e8e0   0x000000dc   Code   RO         1163    .text               c_w.l(bigflt0.o)
    0x0800e9bc   0x00000008   Code   RO         1188    .text               c_w.l(ferror.o)
    0x0800e9c4   0x00000040   Code   RO         1192    .text               c_w.l(_wcrtomb.o)
    0x0800ea04   0x00000008   Code   RO         1205    .text               c_w.l(libspace.o)
    0x0800ea0c   0x0000004a   Code   RO         1208    .text               c_w.l(sys_stackheap_outer.o)
    0x0800ea56   0x00000002   PAD
    0x0800ea58   0x00000010   Code   RO         1210    .text               c_w.l(rt_ctype_table.o)
    0x0800ea68   0x0000000c   Code   RO         1212    .text               c_w.l(exit.o)
    0x0800ea74   0x0000003e   Code   RO         1166    CL$$btod_d2e        c_w.l(btod.o)
    0x0800eab2   0x00000046   Code   RO         1168    CL$$btod_d2e_denorm_low  c_w.l(btod.o)
    0x0800eaf8   0x00000060   Code   RO         1167    CL$$btod_d2e_norm_op1  c_w.l(btod.o)
    0x0800eb58   0x00000338   Code   RO         1176    CL$$btod_div_common  c_w.l(btod.o)
    0x0800ee90   0x000000c6   Code   RO         1173    CL$$btod_e2e        c_w.l(btod.o)
    0x0800ef56   0x00000028   Code   RO         1170    CL$$btod_ediv       c_w.l(btod.o)
    0x0800ef7e   0x00000028   Code   RO         1169    CL$$btod_emul       c_w.l(btod.o)
    0x0800efa6   0x00000244   Code   RO         1175    CL$$btod_mult_common  c_w.l(btod.o)
    0x0800f1ea   0x00000028   Code   RO         1203    i.__ARM_fpclassify  m_ws.l(fpclassify.o)
    0x0800f212   0x0000000e   Code   RO          913    i._is_digit         c_w.l(__printf_wp.o)
    0x0800f220   0x0000004c   Code   RO         1011    i.sqrt              m_ws.l(sqrt.o)
    0x0800f26c   0x0000002c   Code   RO         1195    locale$$code        c_w.l(lc_numeric_c.o)
    0x0800f298   0x0000002c   Code   RO         1231    locale$$code        c_w.l(lc_ctype_c.o)
    0x0800f2c4   0x00000062   Code   RO          950    x$fpl$d2f           fz_ws.l(d2f.o)
    0x0800f326   0x00000002   PAD
    0x0800f328   0x00000150   Code   RO          952    x$fpl$dadd          fz_ws.l(daddsub_clz.o)
    0x0800f478   0x00000018   Code   RO         1115    x$fpl$dcmpinf       fz_ws.l(dcmpi.o)
    0x0800f490   0x000002b0   Code   RO          959    x$fpl$ddiv          fz_ws.l(ddiv.o)
    0x0800f740   0x0000005a   Code   RO          962    x$fpl$dfixu         fz_ws.l(dfixu.o)
    0x0800f79a   0x0000002e   Code   RO          967    x$fpl$dflt          fz_ws.l(dflt_clz.o)
    0x0800f7c8   0x00000026   Code   RO          966    x$fpl$dfltu         fz_ws.l(dflt_clz.o)
    0x0800f7ee   0x00000002   PAD
    0x0800f7f0   0x00000078   Code   RO          972    x$fpl$dleqf         fz_ws.l(dleqf.o)
    0x0800f868   0x00000154   Code   RO          974    x$fpl$dmul          fz_ws.l(dmul.o)
    0x0800f9bc   0x0000009c   Code   RO         1117    x$fpl$dnaninf       fz_ws.l(dnaninf.o)
    0x0800fa58   0x0000000c   Code   RO         1119    x$fpl$dretinf       fz_ws.l(dretinf.o)
    0x0800fa64   0x0000006c   Code   RO          976    x$fpl$drleqf        fz_ws.l(drleqf.o)
    0x0800fad0   0x00000016   Code   RO          953    x$fpl$drsb          fz_ws.l(daddsub_clz.o)
    0x0800fae6   0x00000002   PAD
    0x0800fae8   0x000001cc   Code   RO         1121    x$fpl$dsqrt         fz_ws.l(dsqrt_noumaal.o)
    0x0800fcb4   0x000001d4   Code   RO          954    x$fpl$dsub          fz_ws.l(daddsub_clz.o)
    0x0800fe88   0x00000056   Code   RO          978    x$fpl$f2d           fz_ws.l(f2d.o)
    0x0800fede   0x00000002   PAD
    0x0800fee0   0x000000c4   Code   RO          980    x$fpl$fadd          fz_ws.l(faddsub_clz.o)
    0x0800ffa4   0x00000184   Code   RO          987    x$fpl$fdiv          fz_ws.l(fdiv.o)
    0x08010128   0x00000036   Code   RO          992    x$fpl$ffix          fz_ws.l(ffix.o)
    0x0801015e   0x00000002   PAD
    0x08010160   0x0000003e   Code   RO          996    x$fpl$ffixu         fz_ws.l(ffixu.o)
    0x0801019e   0x00000002   PAD
    0x080101a0   0x00000030   Code   RO         1001    x$fpl$fflt          fz_ws.l(fflt_clz.o)
    0x080101d0   0x00000026   Code   RO         1000    x$fpl$ffltu         fz_ws.l(fflt_clz.o)
    0x080101f6   0x00000002   PAD
    0x080101f8   0x00000102   Code   RO         1006    x$fpl$fmul          fz_ws.l(fmul.o)
    0x080102fa   0x0000008c   Code   RO         1125    x$fpl$fnaninf       fz_ws.l(fnaninf.o)
    0x08010386   0x0000000a   Code   RO         1127    x$fpl$fretinf       fz_ws.l(fretinf.o)
    0x08010390   0x000000ea   Code   RO          982    x$fpl$fsub          fz_ws.l(faddsub_clz.o)
    0x0801047a   0x00000004   Code   RO         1008    x$fpl$printf1       fz_ws.l(printf1.o)
    0x0801047e   0x00000000   Code   RO         1129    x$fpl$usenofp       fz_ws.l(usenofp.o)
    0x0801047e   0x000017c0   Data   RO          233    .constdata          lcd.o
    0x08011c3e   0x0000000c   Data   RO          350    .constdata          touch.o
    0x08011c4a   0x0000000a   Data   RO          389    .constdata          ott2001a.o
    0x08011c54   0x0000000a   Data   RO          431    .constdata          ft5206.o
    0x08011c5e   0x000000c2   Data   RO          447    .constdata          gt9147.o
    0x08011d20   0x000003c0   Data   RO          745    .constdata          mycc936.o
    0x080120e0   0x00000020   Data   RO          794    .constdata          sim900a.o
    0x08012100   0x00000028   Data   RO          901    .constdata          c_w.l(_printf_hex_int_ll_ptr.o)
    0x08012128   0x00000011   Data   RO          921    .constdata          c_w.l(__printf_flags_ss_wp.o)
    0x08012139   0x00000003   PAD
    0x0801213c   0x00000008   Data   RO         1042    .constdata          c_w.l(_printf_wctomb.o)
    0x08012144   0x00000094   Data   RO         1164    .constdata          c_w.l(bigflt0.o)
    0x080121d8   0x00000079   Data   RO          351    .conststring        touch.o
    0x08012251   0x00000003   PAD
    0x08012254   0x000000c9   Data   RO          795    .conststring        sim900a.o
    0x0801231d   0x00000003   PAD
    0x08012320   0x00000176   Data   RO          850    .conststring        http.o
    0x08012496   0x00000002   PAD
    0x08012498   0x00000020   Data   RO         1293    Region$$Table       anon$$obj.o
    0x080124b8   0x0000001c   Data   RO         1194    locale$$data        c_w.l(lc_numeric_c.o)
    0x080124d4   0x00000110   Data   RO         1230    locale$$data        c_w.l(lc_ctype_c.o)


    Execution Region RW_IRAM1 (Base: 0x20000000, Size: 0x0000a628, Max: 0x0000c000, ABSOLUTE)

    Base Addr    Size         Type   Attr      Idx    E Section Name        Object

    0x20000000   0x00000014   Data   RW          189    .data               system_stm32f10x.o
    0x20000014   0x00000001   Data   RW          219    .data               key.o
    0x20000015   0x00000001   PAD
    0x20000016   0x00000004   Data   RW          234    .data               lcd.o
    0x2000001a   0x00000002   Data   RW          280    .data               flash.o
    0x2000001c   0x0000003c   Data   RW          352    .data               touch.o
    0x20000058   0x00000001   Data   RW          390    .data               ott2001a.o
    0x20000059   0x00000001   PAD
    0x2000005a   0x00000002   Data   RW          406    .data               usart2.o
    0x2000005c   0x00000001   Data   RW          432    .data               ft5206.o
    0x2000005d   0x00000001   Data   RW          448    .data               gt9147.o
    0x2000005e   0x00000004   Data   RW          463    .data               delay.o
    0x20000062   0x00000002   PAD
    0x20000064   0x00000006   Data   RW          495    .data               usart.o
    0x2000006a   0x00000014   Data   RW          546    .data               stm32f10x_rcc.o
    0x2000007e   0x00000002   PAD
    0x20000080   0x00000014   Data   RW          637    .data               malloc.o
    0x20000094   0x00000081   Data   RW          796    .data               sim900a.o
    0x20000115   0x00000003   PAD
    0x20000118   0x0000000e   Zero   RW          232    .bss                lcd.o
    0x20000126   0x00000012   Zero   RW          262    .bss                spi.o
    0x20000138   0x00000800   Zero   RW          405    .bss                usart2.o
    0x20000938   0x000000c8   Zero   RW          494    .bss                usart.o
    0x20000a00   0x000094c0   Zero   RW          635    .bss                malloc.o
    0x20009ec0   0x00000021   Zero   RW          758    .bss                fontupd.o
    0x20009ee1   0x00000003   PAD
    0x20009ee4   0x000000e4   Zero   RW          931    .bss                c_w.l(rand.o)
    0x20009fc8   0x00000060   Zero   RW         1206    .bss                c_w.l(libspace.o)
    0x2000a028   0x00000200   Zero   RW          527    HEAP                startup_stm32f10x_hd.o
    0x2000a228   0x00000400   Zero   RW          526    STACK               startup_stm32f10x_hd.o


==============================================================================

Image component sizes


      Code (inc. data)   RO Data    RW Data    ZI Data      Debug   Object Name

       378          0          0          0          0       2642   24cxx.o
       484         14          0          0          0       1936   adc_rand.o
       608         18          0          0          0       1997   ctiic.o
       212         18          0          4          0       1015   delay.o
         0          0          0          0          0       2552   exfuns.o
       960         16          0          2          0       4664   flash.o
         0          0          0          0         33       1329   fontupd.o
       820         36         10          1          0       2467   ft5206.o
       996         70        194          1          0       2854   gt9147.o
       360        108        374          0          0       1423   http.o
       252         16          0          1          0        824   key.o
     22598        208       6080          4         14      24367   lcd.o
        80          8          0          0          0        495   led.o
      1040        458          0          0          0     271295   main.o
       416          6          0         20      38080       3913   malloc.o
       220         22          0          0          0       1793   misc.o
       204         12        960          0          0       1573   mycc936.o
       600         12          0          0          0       1848   myiic.o
       876         56         10          1          0       2607   ott2001a.o
      9044       1826        233        129          0      10656   sim900a.o
       500        256          0          0          0        699   sim900a_land.o
       232         12          0          0         18       1285   spi.o
        64         26        304          0       1536        796   startup_stm32f10x_hd.o
      1102         26          0          0          0      19777   stm32f10x_adc.o
       596          8          0          0          0       4322   stm32f10x_dma.o
       860         38          0          0          0       5637   stm32f10x_gpio.o
        26          0          0          0          0       1178   stm32f10x_it.o
       932         36          0         20          0       8804   stm32f10x_rcc.o
       780         14          0          0          0       6518   stm32f10x_spi.o
      3610         88          0          0          0      22120   stm32f10x_tim.o
      1032         22          0          0          0       8364   stm32f10x_usart.o
         0          0          0          0          0         32   sys.o
       480         38          0         20          0       1731   system_stm32f10x.o
       724         16          0          0          0       2920   text.o
      3236        202        133         60          0       6539   touch.o
       320         16          0          6        200       3142   usart.o
       660         30          0          2       2048       3832   usart2.o

    ----------------------------------------------------------------------
     55312       3732       8338        280      41932     439946   Object Totals
         0          0         32          0          0          0   (incl. Generated)
        10          0          8          9          3          0   (incl. Padding)

    ----------------------------------------------------------------------

      Code (inc. data)   RO Data    RW Data    ZI Data      Debug   Library Member Name

        24          4          0          0          0         84   __2printf.o
        44          6          0          0          0         84   __2sprintf.o
         8          0          0          0          0         68   __main.o
       392          4         17          0          0         92   __printf_flags_ss_wp.o
        14          0          0          0          0         68   __printf_wp.o
         0          0          0          0          0          0   __rtentry.o
        12          0          0          0          0          0   __rtentry2.o
         6          0          0          0          0          0   __rtentry4.o
        52          8          0          0          0          0   __scatter.o
        26          0          0          0          0          0   __scatter_copy.o
        28          0          0          0          0          0   __scatter_zi.o
         6          0          0          0          0          0   _printf_a.o
         6          0          0          0          0          0   _printf_c.o
        44          0          0          0          0        108   _printf_char.o
        48          6          0          0          0         96   _printf_char_common.o
        36          4          0          0          0         80   _printf_char_file.o
        40          0          0          0          0         68   _printf_charcount.o
         6          0          0          0          0          0   _printf_d.o
       120         16          0          0          0         92   _printf_dec.o
         6          0          0          0          0          0   _printf_e.o
         6          0          0          0          0          0   _printf_f.o
      1050          0          0          0          0        216   _printf_fp_dec.o
       128         16          0          0          0         84   _printf_fp_infnan.o
         6          0          0          0          0          0   _printf_g.o
       148          4         40          0          0        160   _printf_hex_int_ll_ptr.o
         6          0          0          0          0          0   _printf_i.o
       178          0          0          0          0         88   _printf_intcommon.o
        10          0          0          0          0          0   _printf_l.o
         6          0          0          0          0          0   _printf_lc.o
        10          0          0          0          0          0   _printf_ll.o
         6          0          0          0          0          0   _printf_lld.o
         6          0          0          0          0          0   _printf_lli.o
         6          0          0          0          0          0   _printf_llo.o
         6          0          0          0          0          0   _printf_llu.o
         6          0          0          0          0          0   _printf_llx.o
       124         16          0          0          0         92   _printf_longlong_dec.o
         6          0          0          0          0          0   _printf_ls.o
         6          0          0          0          0          0   _printf_n.o
         6          0          0          0          0          0   _printf_o.o
       112          8          0          0          0        124   _printf_oct_int_ll.o
         6          0          0          0          0          0   _printf_p.o
        78          0          0          0          0        108   _printf_pad.o
         0          0          0          0          0          0   _printf_percent.o
         4          0          0          0          0          0   _printf_percent_end.o
         6          0          0          0          0          0   _printf_s.o
        82          0          0          0          0         80   _printf_str.o
        36          0          0          0          0         84   _printf_truncate.o
         6          0          0          0          0          0   _printf_u.o
        44          0          0          0          0        108   _printf_wchar.o
       188          6          8          0          0         92   _printf_wctomb.o
         6          0          0          0          0          0   _printf_x.o
        22          0          0          0          0        100   _rserrno.o
        10          0          0          0          0         68   _sputc.o
        64          0          0          0          0         92   _wcrtomb.o
       220          4        148          0          0         96   bigflt0.o
      1910        128          0          0          0        672   btod.o
        36          4          0          0          0         76   c89vsprintf.o
        12          0          0          0          0         72   exit.o
         8          0          0          0          0         68   ferror.o
         6          0          0          0          0        152   heapauxi.o
        44         10        272          0          0         76   lc_ctype_c.o
        44         10         28          0          0         76   lc_numeric_c.o
         2          0          0          0          0          0   libinit.o
        34          0          0          0          0          0   libinit2.o
         2          0          0          0          0          0   libshutdown.o
         2          0          0          0          0          0   libshutdown2.o
         8          4          0          0         96         68   libspace.o
       138          0          0          0          0         80   lludiv10.o
       112         18          0          0        228        160   rand.o
        16          4          0          0          0         76   rt_ctype_table.o
         8          4          0          0          0         68   rt_errno_addr_intlibspace.o
         8          4          0          0          0         68   rt_locale_intlibspace.o
        78          0          0          0          0         80   rt_memclr_w.o
         2          0          0          0          0          0   rtexit.o
        10          0          0          0          0          0   rtexit2.o
        24          0          0          0          0         68   strcat.o
       128          0          0          0          0         68   strcmpv7m.o
        72          0          0          0          0         80   strcpy.o
        62          0          0          0          0         76   strlen.o
        36          0          0          0          0         80   strstr.o
        74          0          0          0          0         80   sys_stackheap_outer.o
         2          0          0          0          0         68   use_no_semi.o
         2          0          0          0          0         68   use_no_semi_2.o
        98          4          0          0          0         92   d2f.o
       826         16          0          0          0        348   daddsub_clz.o
        24          0          0          0          0         68   dcmpi.o
       688        140          0          0          0        208   ddiv.o
        90          4          0          0          0         92   dfixu.o
        84          0          0          0          0        136   dflt_clz.o
       120          4          0          0          0         92   dleqf.o
       340         12          0          0          0        104   dmul.o
       156          4          0          0          0         92   dnaninf.o
        12          0          0          0          0         68   dretinf.o
       108          0          0          0          0         80   drleqf.o
       460         56          0          0          0        120   dsqrt_noumaal.o
        86          4          0          0          0         84   f2d.o
       430          8          0          0          0        168   faddsub_clz.o
       388         76          0          0          0         96   fdiv.o
        54          4          0          0          0         84   ffix.o
        62          4          0          0          0         84   ffixu.o
        86          0          0          0          0        136   fflt_clz.o
       258          4          0          0          0         84   fmul.o
       140          4          0          0          0         84   fnaninf.o
        10          0          0          0          0         68   fretinf.o
         4          0          0          0          0         68   printf1.o
         0          0          0          0          0          0   usenofp.o
        40          0          0          0          0         68   fpclassify.o
        76          0          0          0          0         84   sqrt.o

    ----------------------------------------------------------------------
     11070        632        516          0        324       7420   Library Totals
        28          0          3          0          0          0   (incl. Padding)

    ----------------------------------------------------------------------

      Code (inc. data)   RO Data    RW Data    ZI Data      Debug   Library Name

      6402        288        513          0        324       4812   c_w.l
      4524        344          0          0          0       2456   fz_ws.l
       116          0          0          0          0        152   m_ws.l

    ----------------------------------------------------------------------
     11070        632        516          0        324       7420   Library Totals

    ----------------------------------------------------------------------

==============================================================================


      Code (inc. data)   RO Data    RW Data    ZI Data      Debug   

     66382       4364       8854        280      42256     440446   Grand Totals
     66382       4364       8854        280      42256     440446   ELF Image Totals
     66382       4364       8854        280          0          0   ROM Totals

==============================================================================

    Total RO  Size (Code + RO Data)                75236 (  73.47kB)
    Total RW  Size (RW Data + ZI Data)             42536 (  41.54kB)
    Total ROM Size (Code + RO Data + RW Data)      75516 (  73.75kB)

==============================================================================

